Archive member included to satisfy reference by file (symbol)

C:/ST/STM32CubeIDE_1.13.2/STM32CubeIDE/plugins/com.st.stm32cube.ide.mcu.externaltools.gnu-tools-for-stm32.12.3.rel1.win32_1.0.100.202403111256/tools/bin/../lib/gcc/arm-none-eabi/12.3.1/../../../../arm-none-eabi/lib/thumb/v7e-m+fp/hard\libc_nano.a(libc_a-exit.o)
                              C:/ST/STM32CubeIDE_1.13.2/STM32CubeIDE/plugins/com.st.stm32cube.ide.mcu.externaltools.gnu-tools-for-stm32.12.3.rel1.win32_1.0.100.202403111256/tools/bin/../lib/gcc/arm-none-eabi/12.3.1/../../../../arm-none-eabi/lib/thumb/v7e-m+fp/hard/crt0.o (exit)
C:/ST/STM32CubeIDE_1.13.2/STM32CubeIDE/plugins/com.st.stm32cube.ide.mcu.externaltools.gnu-tools-for-stm32.12.3.rel1.win32_1.0.100.202403111256/tools/bin/../lib/gcc/arm-none-eabi/12.3.1/../../../../arm-none-eabi/lib/thumb/v7e-m+fp/hard\libc_nano.a(libc_a-findfp.o)
                              C:/ST/STM32CubeIDE_1.13.2/STM32CubeIDE/plugins/com.st.stm32cube.ide.mcu.externaltools.gnu-tools-for-stm32.12.3.rel1.win32_1.0.100.202403111256/tools/bin/../lib/gcc/arm-none-eabi/12.3.1/../../../../arm-none-eabi/lib/thumb/v7e-m+fp/hard\libc_nano.a(libc_a-exit.o) (__stdio_exit_handler)
C:/ST/STM32CubeIDE_1.13.2/STM32CubeIDE/plugins/com.st.stm32cube.ide.mcu.externaltools.gnu-tools-for-stm32.12.3.rel1.win32_1.0.100.202403111256/tools/bin/../lib/gcc/arm-none-eabi/12.3.1/../../../../arm-none-eabi/lib/thumb/v7e-m+fp/hard\libc_nano.a(libc_a-fwalk.o)
                              C:/ST/STM32CubeIDE_1.13.2/STM32CubeIDE/plugins/com.st.stm32cube.ide.mcu.externaltools.gnu-tools-for-stm32.12.3.rel1.win32_1.0.100.202403111256/tools/bin/../lib/gcc/arm-none-eabi/12.3.1/../../../../arm-none-eabi/lib/thumb/v7e-m+fp/hard\libc_nano.a(libc_a-findfp.o) (_fwalk_sglue)
C:/ST/STM32CubeIDE_1.13.2/STM32CubeIDE/plugins/com.st.stm32cube.ide.mcu.externaltools.gnu-tools-for-stm32.12.3.rel1.win32_1.0.100.202403111256/tools/bin/../lib/gcc/arm-none-eabi/12.3.1/../../../../arm-none-eabi/lib/thumb/v7e-m+fp/hard\libc_nano.a(libc_a-stdio.o)
                              C:/ST/STM32CubeIDE_1.13.2/STM32CubeIDE/plugins/com.st.stm32cube.ide.mcu.externaltools.gnu-tools-for-stm32.12.3.rel1.win32_1.0.100.202403111256/tools/bin/../lib/gcc/arm-none-eabi/12.3.1/../../../../arm-none-eabi/lib/thumb/v7e-m+fp/hard\libc_nano.a(libc_a-findfp.o) (__sread)
C:/ST/STM32CubeIDE_1.13.2/STM32CubeIDE/plugins/com.st.stm32cube.ide.mcu.externaltools.gnu-tools-for-stm32.12.3.rel1.win32_1.0.100.202403111256/tools/bin/../lib/gcc/arm-none-eabi/12.3.1/../../../../arm-none-eabi/lib/thumb/v7e-m+fp/hard\libc_nano.a(libc_a-memset.o)
                              C:/ST/STM32CubeIDE_1.13.2/STM32CubeIDE/plugins/com.st.stm32cube.ide.mcu.externaltools.gnu-tools-for-stm32.12.3.rel1.win32_1.0.100.202403111256/tools/bin/../lib/gcc/arm-none-eabi/12.3.1/../../../../arm-none-eabi/lib/thumb/v7e-m+fp/hard/crt0.o (memset)
C:/ST/STM32CubeIDE_1.13.2/STM32CubeIDE/plugins/com.st.stm32cube.ide.mcu.externaltools.gnu-tools-for-stm32.12.3.rel1.win32_1.0.100.202403111256/tools/bin/../lib/gcc/arm-none-eabi/12.3.1/../../../../arm-none-eabi/lib/thumb/v7e-m+fp/hard\libc_nano.a(libc_a-closer.o)
                              C:/ST/STM32CubeIDE_1.13.2/STM32CubeIDE/plugins/com.st.stm32cube.ide.mcu.externaltools.gnu-tools-for-stm32.12.3.rel1.win32_1.0.100.202403111256/tools/bin/../lib/gcc/arm-none-eabi/12.3.1/../../../../arm-none-eabi/lib/thumb/v7e-m+fp/hard\libc_nano.a(libc_a-stdio.o) (_close_r)
C:/ST/STM32CubeIDE_1.13.2/STM32CubeIDE/plugins/com.st.stm32cube.ide.mcu.externaltools.gnu-tools-for-stm32.12.3.rel1.win32_1.0.100.202403111256/tools/bin/../lib/gcc/arm-none-eabi/12.3.1/../../../../arm-none-eabi/lib/thumb/v7e-m+fp/hard\libc_nano.a(libc_a-reent.o)
                              C:/ST/STM32CubeIDE_1.13.2/STM32CubeIDE/plugins/com.st.stm32cube.ide.mcu.externaltools.gnu-tools-for-stm32.12.3.rel1.win32_1.0.100.202403111256/tools/bin/../lib/gcc/arm-none-eabi/12.3.1/../../../../arm-none-eabi/lib/thumb/v7e-m+fp/hard\libc_nano.a(libc_a-closer.o) (errno)
C:/ST/STM32CubeIDE_1.13.2/STM32CubeIDE/plugins/com.st.stm32cube.ide.mcu.externaltools.gnu-tools-for-stm32.12.3.rel1.win32_1.0.100.202403111256/tools/bin/../lib/gcc/arm-none-eabi/12.3.1/../../../../arm-none-eabi/lib/thumb/v7e-m+fp/hard\libc_nano.a(libc_a-impure.o)
                              C:/ST/STM32CubeIDE_1.13.2/STM32CubeIDE/plugins/com.st.stm32cube.ide.mcu.externaltools.gnu-tools-for-stm32.12.3.rel1.win32_1.0.100.202403111256/tools/bin/../lib/gcc/arm-none-eabi/12.3.1/../../../../arm-none-eabi/lib/thumb/v7e-m+fp/hard\libc_nano.a(libc_a-reent.o) (_impure_ptr)
C:/ST/STM32CubeIDE_1.13.2/STM32CubeIDE/plugins/com.st.stm32cube.ide.mcu.externaltools.gnu-tools-for-stm32.12.3.rel1.win32_1.0.100.202403111256/tools/bin/../lib/gcc/arm-none-eabi/12.3.1/../../../../arm-none-eabi/lib/thumb/v7e-m+fp/hard\libc_nano.a(libc_a-lseekr.o)
[...]
Memory Configuration

Name             Origin             Length             Attributes
RAM              0x20000000         0x00020000         xrw
FLASH            0x08000000         0x00080000         xr
*default*        0x00000000         0xffffffff

Linker script and memory map

LOAD C:/ST/STM32CubeIDE_1.13.2/STM32CubeIDE/plugins/com.st.stm32cube.ide.mcu.externaltools.gnu-tools-for-stm32.12.3.rel1.win32_1.0.100.202403111256/tools/bin/../lib/gcc/arm-none-eabi/12.3.1/thumb/v7e-m+fp/hard/crti.o
LOAD C:/ST/STM32CubeIDE_1.13.2/STM32CubeIDE/plugins/com.st.stm32cube.ide.mcu.externaltools.gnu-tools-for-stm32.12.3.rel1.win32_1.0.100.202403111256/tools/bin/../lib/gcc/arm-none-eabi/12.3.1/thumb/v7e-m+fp/hard/crtbegin.o
LOAD C:/ST/STM32CubeIDE_1.13.2/STM32CubeIDE/plugins/com.st.stm32cube.ide.mcu.externaltools.gnu-tools-for-stm32.12.3.rel1.win32_1.0.100.202403111256/tools/bin/../lib/gcc/arm-none-eabi/12.3.1/../../../../arm-none-eabi/lib/thumb/v7e-m+fp/hard/crt0.o
LOAD ./Core/Src/ModBusRTU.o
LOAD ./Core/Src/main.o
LOAD ./Core/Src/stm32g4xx_hal_msp.o
LOAD ./Core/Src/stm32g4xx_it.o
LOAD ./Core/Src/syscalls.o
LOAD ./Core/Src/sysmem.o
LOAD ./Core/Src/system_stm32g4xx.o
LOAD ./Core/Startup/startup_stm32g474retx.o
LOAD ./Drivers/STM32G4xx_HAL_Driver/Src/stm32g4xx_hal.o
LOAD ./Drivers/STM32G4xx_HAL_Driver/Src/stm32g4xx_hal_cortex.o
LOAD ./Drivers/STM32G4xx_HAL_Driver/Src/stm32g4xx_hal_dma.o
LOAD ./Drivers/STM32G4xx_HAL_Driver/Src/stm32g4xx_hal_dma_ex.o
LOAD ./Drivers/STM32G4xx_HAL_Driver/Src/stm32g4xx_hal_exti.o
LOAD ./Drivers/STM32G4xx_HAL_Driver/Src/stm32g4xx_hal_flash.o
LOAD ./Drivers/STM32G4xx_HAL_Driver/Src/stm32g4xx_hal_flash_ex.o
LOAD ./Drivers/STM32G4xx_HAL_Driver/Src/stm32g4xx_hal_flash_ramfunc.o
LOAD ./Drivers/STM32G4xx_HAL_Driver/Src/stm32g4xx_hal_gpio.o
LOAD ./Drivers/STM32G4xx_HAL_Driver/Src/stm32g4xx_hal_pwr.o
LOAD ./Drivers/STM32G4xx_HAL_Driver/Src/stm32g4xx_hal_pwr_ex.o
LOAD ./Drivers/STM32G4xx_HAL_Driver/Src/stm32g4xx_hal_rcc.o
LOAD ./Drivers/STM32G4xx_HAL_Driver/Src/stm32g4xx_hal_rcc_ex.o
LOAD ./Drivers/STM32G4xx_HAL_Driver/Src/stm32g4xx_hal_tim.o
LOAD ./Drivers/STM32G4xx_HAL_Driver/Src/stm32g4xx_hal_tim_ex.o
LOAD ./Drivers/STM32G4xx_HAL_Driver/Src/stm32g4xx_hal_uart.o
LOAD ./Drivers/STM32G4xx_HAL_Driver/Src/stm32g4xx_hal_uart_ex.o
START GROUP
LOAD C:/ST/STM32CubeIDE_1.13.2/STM32CubeIDE/plugins/com.st.stm32cube.ide.mcu.externaltools.gnu-tools-for-stm32.12.3.rel1.win32_1.0.100.202403111256/tools/bin/../lib/gcc/arm-none-eabi/12.3.1/../../../../arm-none-eabi/lib/thumb/v7e-m+fp/hard\libc_nano.a
LOAD C:/ST/STM32CubeIDE_1.13.2/STM32CubeIDE/plugins/com.st.stm32cube.ide.mcu.externaltools.gnu-tools-for-stm32.12.3.rel1.win32_1.0.100.202403111256/tools/bin/../lib/gcc/arm-none-eabi/12.3.1/../../../../arm-none-eabi/lib/thumb/v7e-m+fp/hard\libm.a
END GROUP
START GROUP
LOAD C:/ST/STM32CubeIDE_1.13.2/STM32CubeIDE/plugins/com.st.stm32cube.ide.mcu.externaltools.gnu-tools-for-stm32.12.3.rel1.win32_1.0.100.202403111256/tools/bin/../lib/gcc/arm-none-eabi/12.3.1/thumb/v7e-m+fp/hard\libgcc.a
LOAD C:/ST/STM32CubeIDE_1.13.2/STM32CubeIDE/plugins/com.st.stm32cube.ide.mcu.externaltools.gnu-tools-for-stm32.12.3.rel1.win32_1.0.100.202403111256/tools/bin/../lib/gcc/arm-none-eabi/12.3.1/../../../../arm-none-eabi/lib/thumb/v7e-m+fp/hard\libc_nano.a
END GROUP
START GROUP
LOAD C:/ST/STM32CubeIDE_1.13.2/STM32CubeIDE/plugins/com.st.stm32cube.ide.mcu.externaltools.gnu-tools-for-stm32.12.3.rel1.win32_1.0.100.202403111256/tools/bin/../lib/gcc/arm-none-eabi/12.3.1/thumb/v7e-m+fp/hard\libgcc.a
LOAD C:/ST/STM32CubeIDE_1.13.2/STM32CubeIDE/plugins/com.st.stm32cube.ide.mcu.externaltools.gnu-tools-for-stm32.12.3.rel1.win32_1.0.100.202403111256/tools/bin/../lib/gcc/arm-none-eabi/12.3.1/../../../../arm-none-eabi/lib/thumb/v7e-m+fp/hard\libc_nano.a
LOAD C:/ST/STM32CubeIDE_1.13.2/STM32CubeIDE/plugins/com.st.stm32cube.ide.mcu.externaltools.gnu-tools-for-stm32.12.3.rel1.win32_1.0.100.202403111256/tools/bin/../lib/gcc/arm-none-eabi/12.3.1/../../../../arm-none-eabi/lib/thumb/v7e-m+fp/hard\libnosys.a
END GROUP
START GROUP
LOAD C:/ST/STM32CubeIDE_1.13.2/STM32CubeIDE/plugins/com.st.stm32cube.ide.mcu.externaltools.gnu-tools-for-stm32.12.3.rel1.win32_1.0.100.202403111256/tools/bin/../lib/gcc/arm-none-eabi/12.3.1/thumb/v7e-m+fp/hard\libgcc.a
LOAD C:/ST/STM32CubeIDE_1.13.2/STM32CubeIDE/plugins/com.st.stm32cube.ide.mcu.externaltools.gnu-tools-for-stm32.12.3.rel1.win32_1.0.100.202403111256/tools/bin/../lib/gcc/arm-none-eabi/12.3.1/../../../../arm-none-eabi/lib/thumb/v7e-m+fp/hard\libc_nano.a
LOAD C:/ST/STM32CubeIDE_1.13.2/STM32CubeIDE/plugins/com.st.stm32cube.ide.mcu.externaltools.gnu-tools-for-stm32.12.3.rel1.win32_1.0.100.202403111256/tools/bin/../lib/gcc/arm-none-eabi/12.3.1/../../../../arm-none-eabi/lib/thumb/v7e-m+fp/hard\libnosys.a
END GROUP
LOAD C:/ST/STM32CubeIDE_1.13.2/STM32CubeIDE/plugins/com.st.stm32cube.ide.mcu.externaltools.gnu-tools-for-stm32.12.3.rel1.win32_1.0.100.202403111256/tools/bin/../lib/gcc/arm-none-eabi/12.3.1/thumb/v7e-m+fp/hard/crtend.o
LOAD C:/ST/STM32CubeIDE_1.13.2/STM32CubeIDE/plugins/com.st.stm32cube.ide.mcu.externaltools.gnu-tools-for-stm32.12.3.rel1.win32_1.0.100.202403111256/tools/bin/../lib/gcc/arm-none-eabi/12.3.1/thumb/v7e-m+fp/hard/crtn.o
                0x20020000                        _estack = (ORIGIN (RAM) + LENGTH (RAM))
                0x00000200                        _Min_Heap_Size = 0x200
                0x00000400                        _Min_Stack_Size = 0x400

.isr_vector     0x08000000      0x1d8
                0x08000000                        . = ALIGN (0x4)
 *(.isr_vector)
 .isr_vector    0x08000000      0x1d8 ./Core/Startup/startup_stm32g474retx.o
                0x08000000                g_pfnVectors
                0x080001d8                        . = ALIGN (0x4)

.text           0x080001d8     0x5924
                0x080001d8                        . = ALIGN (0x4)
 *(.text)
 .text          0x080001d8       0x40 C:/ST/STM32CubeIDE_1.13.2/STM32CubeIDE/plugins/com.st.stm32cube.ide.mcu.externaltools.gnu-tools-for-stm32.12.3.rel1.win32_1.0.100.202403111256/tools/bin/../lib/gcc/arm-none-eabi/12.3.1/thumb/v7e-m+fp/hard/crtbegin.o
 .text          0x08000218       0x30 C:/ST/STM32CubeIDE_1.13.2/STM32CubeIDE/plugins/com.st.stm32cube.ide.mcu.externaltools.gnu-tools-for-stm32.12.3.rel1.win32_1.0.100.202403111256/tools/bin/../lib/gcc/arm-none-eabi/12.3.1/thumb/v7e-m+fp/hard\libgcc.a(_aeabi_uldivmod.o)
                0x08000218                __aeabi_uldivmod
 .text          0x08000248      0x2bc C:/ST/STM32CubeIDE_1.13.2/STM32CubeIDE/plugins/com.st.stm32cube.ide.mcu.externaltools.gnu-tools-for-stm32.12.3.rel1.win32_1.0.100.202403111256/tools/bin/../lib/gcc/arm-none-eabi/12.3.1/thumb/v7e-m+fp/hard\libgcc.a(_udivmoddi4.o)
                0x08000248                __udivmoddi4
 .text          0x08000504        0x4 C:/ST/STM32CubeIDE_1.13.2/STM32CubeIDE/plugins/com.st.stm32cube.ide.mcu.externaltools.gnu-tools-for-stm32.12.3.rel1.win32_1.0.100.202403111256/tools/bin/../lib/gcc/arm-none-eabi/12.3.1/thumb/v7e-m+fp/hard\libgcc.a(_dvmd_tls.o)
                0x08000504                __aeabi_idiv0
                0x08000504                __aeabi_ldiv0
 *(.text*)
 .text.modbus_1t5_Timeout
                0x08000508       0x40 ./Core/Src/ModBusRTU.o
                0x08000508                modbus_1t5_Timeout
 .text.modbus_3t5_Timeout
                0x08000548       0x20 ./Core/Src/ModBusRTU.o
                0x08000548                modbus_3t5_Timeout
 .text.modbus_ErrorTimeout
                0x08000568       0x20 ./Core/Src/ModBusRTU.o
                0x08000568                modbus_ErrorTimeout
 .text.Modbus_init
                0x08000588       0xac ./Core/Src/ModBusRTU.o
                0x08000588                Modbus_init
 .text.CRC16    0x08000634       0x6c ./Core/Src/ModBusRTU.o
                0x08000634                CRC16
 .text.Modbus_Protocal_Worker
                0x080006a0      0x204 ./Core/Src/ModBusRTU.o
                0x080006a0                Modbus_Protocal_Worker
 .text.modbusWrite1Register
                0x080008a4       0x80 ./Core/Src/ModBusRTU.o
                0x080008a4                modbusWrite1Register
 .text.modbusRead1Register
                0x08000924       0xec ./Core/Src/ModBusRTU.o
                0x08000924                modbusRead1Register
 .text.ModbusErrorReply
                0x08000a10       0x44 ./Core/Src/ModBusRTU.o
                0x08000a10                ModbusErrorReply
 .text.Modbus_frame_response
                0x08000a54       0x30 ./Core/Src/ModBusRTU.o
                0x08000a54                Modbus_frame_response
 .text.Modbus_Emission
                0x08000a84       0xec ./Core/Src/ModBusRTU.o
                0x08000a84                Modbus_Emission
 .text.main     0x08000b70       0x54 ./Core/Src/main.o
                0x08000b70                main
 .text.SystemClock_Config
                0x08000bc4       0x96 ./Core/Src/main.o
                0x08000bc4                SystemClock_Config
 *fill*         0x08000c5a        0x2 
 .text.MX_TIM16_Init
                0x08000c5c       0x60 ./Core/Src/main.o
 .text.MX_USART2_UART_Init
                0x08000cbc       0x9c ./Core/Src/main.o
 .text.MX_DMA_Init
                0x08000d58       0x64 ./Core/Src/main.o
 .text.MX_GPIO_Init
                0x08000dbc       0xdc ./Core/Src/main.o
 .text.Error_Handler
                0x08000e98        0xc ./Core/Src/main.o
                0x08000e98                Error_Handler
 .text.HAL_MspInit
                0x08000ea4       0x48 ./Core/Src/stm32g4xx_hal_msp.o
                0x08000ea4                HAL_MspInit
 .text.HAL_TIM_Base_MspInit
                0x08000eec       0x4c ./Core/Src/stm32g4xx_hal_msp.o
                0x08000eec                HAL_TIM_Base_MspInit
 .text.HAL_UART_MspInit
                0x08000f38      0x178 ./Core/Src/stm32g4xx_hal_msp.o
                0x08000f38                HAL_UART_MspInit
 .text.NMI_Handler
                0x080010b0        0x8 ./Core/Src/stm32g4xx_it.o
                0x080010b0                NMI_Handler
 .text.HardFault_Handler
                0x080010b8        0x8 ./Core/Src/stm32g4xx_it.o
                0x080010b8                HardFault_Handler
 .text.MemManage_Handler
                0x080010c0        0x8 ./Core/Src/stm32g4xx_it.o
                0x080010c0                MemManage_Handler
 .text.BusFault_Handler
                0x080010c8        0x8 ./Core/Src/stm32g4xx_it.o
                0x080010c8                BusFault_Handler
 .text.UsageFault_Handler
                0x080010d0        0x8 ./Core/Src/stm32g4xx_it.o
                0x080010d0                UsageFault_Handler
 .text.SVC_Handler
                0x080010d8        0xe ./Core/Src/stm32g4xx_it.o
                0x080010d8                SVC_Handler
 .text.DebugMon_Handler
                0x080010e6        0xe ./Core/Src/stm32g4xx_it.o
                0x080010e6                DebugMon_Handler
 .text.PendSV_Handler
                0x080010f4        0xe ./Core/Src/stm32g4xx_it.o
                0x080010f4                PendSV_Handler
 .text.SysTick_Handler
                0x08001102        0xc ./Core/Src/stm32g4xx_it.o
                0x08001102                SysTick_Handler
 *fill*         0x0800110e        0x2 
 .text.DMA1_Channel1_IRQHandler
                0x08001110       0x14 ./Core/Src/stm32g4xx_it.o
                0x08001110                DMA1_Channel1_IRQHandler
 .text.DMA1_Channel2_IRQHandler
                0x08001124       0x14 ./Core/Src/stm32g4xx_it.o
                0x08001124                DMA1_Channel2_IRQHandler
 .text.TIM1_UP_TIM16_IRQHandler
                0x08001138       0x14 ./Core/Src/stm32g4xx_it.o
                0x08001138                TIM1_UP_TIM16_IRQHandler
 .text.USART2_IRQHandler
                0x0800114c       0x14 ./Core/Src/stm32g4xx_it.o
                0x0800114c                USART2_IRQHandler
 .text.EXTI15_10_IRQHandler
                0x08001160       0x10 ./Core/Src/stm32g4xx_it.o
                0x08001160                EXTI15_10_IRQHandler
 .text.SystemInit
                0x08001170       0x24 ./Core/Src/system_stm32g4xx.o
                0x08001170                SystemInit
 .text.Reset_Handler
                0x08001194       0x50 ./Core/Startup/startup_stm32g474retx.o
                0x08001194                Reset_Handler
 .text.Default_Handler
                0x080011e4        0x2 ./Core/Startup/startup_stm32g474retx.o
                0x080011e4                RTC_Alarm_IRQHandler
                0x080011e4                EXTI2_IRQHandler
                0x080011e4                TIM8_TRG_COM_IRQHandler
                0x080011e4                TIM8_CC_IRQHandler
                0x080011e4                HRTIM1_Master_IRQHandler
                0x080011e4                SPI4_IRQHandler
                0x080011e4                FDCAN3_IT0_IRQHandler
                0x080011e4                TIM1_CC_IRQHandler
                0x080011e4                HRTIM1_FLT_IRQHandler
                0x080011e4                HRTIM1_TIMF_IRQHandler
                0x080011e4                USB_HP_IRQHandler
                0x080011e4                CORDIC_IRQHandler
                0x080011e4                HRTIM1_TIMD_IRQHandler
                0x080011e4                DMA2_Channel8_IRQHandler
                0x080011e4                EXTI3_IRQHandler
                0x080011e4                I2C3_ER_IRQHandler
                0x080011e4                EXTI0_IRQHandler
                0x080011e4                I2C2_EV_IRQHandler
                0x080011e4                FPU_IRQHandler
                0x080011e4                FDCAN1_IT1_IRQHandler
                0x080011e4                ADC1_2_IRQHandler
                0x080011e4                HRTIM1_TIME_IRQHandler
                0x080011e4                SPI1_IRQHandler
                0x080011e4                TIM6_DAC_IRQHandler
                0x080011e4                HRTIM1_TIMC_IRQHandler
                0x080011e4                TIM8_UP_IRQHandler
                0x080011e4                DMA2_Channel2_IRQHandler
                0x080011e4                DMA1_Channel4_IRQHandler
                0x080011e4                TIM20_TRG_COM_IRQHandler
                0x080011e4                USART3_IRQHandler
                0x080011e4                DMA1_Channel7_IRQHandler
                0x080011e4                UART5_IRQHandler
                0x080011e4                ADC3_IRQHandler
                0x080011e4                TIM4_IRQHandler
                0x080011e4                DMA2_Channel1_IRQHandler
                0x080011e4                QUADSPI_IRQHandler
                0x080011e4                I2C1_EV_IRQHandler
                0x080011e4                DMA1_Channel6_IRQHandler
                0x080011e4                UART4_IRQHandler
                0x080011e4                DMA2_Channel4_IRQHandler
                0x080011e4                TIM3_IRQHandler
                0x080011e4                RCC_IRQHandler
                0x080011e4                TIM20_UP_IRQHandler
                0x080011e4                Default_Handler
                0x080011e4                DMA2_Channel7_IRQHandler
                0x080011e4                RTC_TAMP_LSECSS_IRQHandler
                0x080011e4                FMAC_IRQHandler
                0x080011e4                DMA1_Channel8_IRQHandler
                0x080011e4                HRTIM1_TIMA_IRQHandler
                0x080011e4                TIM7_DAC_IRQHandler
                0x080011e4                FDCAN3_IT1_IRQHandler
                0x080011e4                TIM5_IRQHandler
                0x080011e4                UCPD1_IRQHandler
                0x080011e4                I2C3_EV_IRQHandler
                0x080011e4                EXTI9_5_IRQHandler
                0x080011e4                RTC_WKUP_IRQHandler
                0x080011e4                PVD_PVM_IRQHandler
                0x080011e4                SPI2_IRQHandler
                0x080011e4                ADC5_IRQHandler
                0x080011e4                DMA2_Channel5_IRQHandler
                0x080011e4                CRS_IRQHandler
                0x080011e4                DMA1_Channel5_IRQHandler
                0x080011e4                USB_LP_IRQHandler
                0x080011e4                EXTI4_IRQHandler
                0x080011e4                RNG_IRQHandler
                0x080011e4                HRTIM1_TIMB_IRQHandler
                0x080011e4                TIM1_TRG_COM_TIM17_IRQHandler
                0x080011e4                FDCAN2_IT1_IRQHandler
                0x080011e4                DMA1_Channel3_IRQHandler
                0x080011e4                ADC4_IRQHandler
                0x080011e4                WWDG_IRQHandler
                0x080011e4                I2C4_EV_IRQHandler
                0x080011e4                FDCAN2_IT0_IRQHandler
                0x080011e4                LPUART1_IRQHandler
                0x080011e4                DMA2_Channel6_IRQHandler
                0x080011e4                FDCAN1_IT0_IRQHandler
                0x080011e4                TIM2_IRQHandler
                0x080011e4                COMP7_IRQHandler
                0x080011e4                COMP1_2_3_IRQHandler
                0x080011e4                EXTI1_IRQHandler
                0x080011e4                COMP4_5_6_IRQHandler
                0x080011e4                TIM20_BRK_IRQHandler
                0x080011e4                I2C2_ER_IRQHandler
                0x080011e4                TIM8_BRK_IRQHandler
                0x080011e4                FLASH_IRQHandler
                0x080011e4                TIM20_CC_IRQHandler
                0x080011e4                USART1_IRQHandler
                0x080011e4                SPI3_IRQHandler
                0x080011e4                I2C1_ER_IRQHandler
                0x080011e4                FMC_IRQHandler
                0x080011e4                LPTIM1_IRQHandler
                0x080011e4                DMAMUX_OVR_IRQHandler
                0x080011e4                I2C4_ER_IRQHandler
                0x080011e4                USBWakeUp_IRQHandler
                0x080011e4                SAI1_IRQHandler
                0x080011e4                DMA2_Channel3_IRQHandler
                0x080011e4                TIM1_BRK_TIM15_IRQHandler
 .text.HAL_Init
                0x080011e6       0x30 ./Drivers/STM32G4xx_HAL_Driver/Src/stm32g4xx_hal.o
                0x080011e6                HAL_Init
 *fill*         0x08001216        0x2 
 .text.HAL_InitTick
                0x08001218       0x74 ./Drivers/STM32G4xx_HAL_Driver/Src/stm32g4xx_hal.o
                0x08001218                HAL_InitTick
 .text.HAL_IncTick
                0x0800128c       0x24 ./Drivers/STM32G4xx_HAL_Driver/Src/stm32g4xx_hal.o
                0x0800128c                HAL_IncTick
 .text.HAL_GetTick
                0x080012b0       0x18 ./Drivers/STM32G4xx_HAL_Driver/Src/stm32g4xx_hal.o
                0x080012b0                HAL_GetTick
 .text.__NVIC_SetPriorityGrouping
                0x080012c8       0x48 ./Drivers/STM32G4xx_HAL_Driver/Src/stm32g4xx_hal_cortex.o
 .text.__NVIC_GetPriorityGrouping
                0x08001310       0x1c ./Drivers/STM32G4xx_HAL_Driver/Src/stm32g4xx_hal_cortex.o
 .text.__NVIC_EnableIRQ
                0x0800132c       0x3c ./Drivers/STM32G4xx_HAL_Driver/Src/stm32g4xx_hal_cortex.o
 .text.__NVIC_SetPriority
                0x08001368       0x54 ./Drivers/STM32G4xx_HAL_Driver/Src/stm32g4xx_hal_cortex.o
 .text.NVIC_EncodePriority
                0x080013bc       0x66 ./Drivers/STM32G4xx_HAL_Driver/Src/stm32g4xx_hal_cortex.o
 *fill*         0x08001422        0x2 
 .text.SysTick_Config
                0x08001424       0x44 ./Drivers/STM32G4xx_HAL_Driver/Src/stm32g4xx_hal_cortex.o
 .text.HAL_NVIC_SetPriorityGrouping
                0x08001468       0x16 ./Drivers/STM32G4xx_HAL_Driver/Src/stm32g4xx_hal_cortex.o
                0x08001468                HAL_NVIC_SetPriorityGrouping
 .text.HAL_NVIC_SetPriority
                0x0800147e       0x34 ./Drivers/STM32G4xx_HAL_Driver/Src/stm32g4xx_hal_cortex.o
                0x0800147e                HAL_NVIC_SetPriority
 .text.HAL_NVIC_EnableIRQ
                0x080014b2       0x1c ./Drivers/STM32G4xx_HAL_Driver/Src/stm32g4xx_hal_cortex.o
                0x080014b2                HAL_NVIC_EnableIRQ
 .text.HAL_SYSTICK_Config
                0x080014ce       0x18 ./Drivers/STM32G4xx_HAL_Driver/Src/stm32g4xx_hal_cortex.o
                0x080014ce                HAL_SYSTICK_Config
 *fill*         0x080014e6        0x2 
 .text.HAL_DMA_Init
                0x080014e8      0x150 ./Drivers/STM32G4xx_HAL_Driver/Src/stm32g4xx_hal_dma.o
                0x080014e8                HAL_DMA_Init
 .text.HAL_DMA_Start_IT
                0x08001638       0xf6 ./Drivers/STM32G4xx_HAL_Driver/Src/stm32g4xx_hal_dma.o
                0x08001638                HAL_DMA_Start_IT
 .text.HAL_DMA_Abort
                0x0800172e       0xb2 ./Drivers/STM32G4xx_HAL_Driver/Src/stm32g4xx_hal_dma.o
                0x0800172e                HAL_DMA_Abort
 .text.HAL_DMA_Abort_IT
                0x080017e0       0xce ./Drivers/STM32G4xx_HAL_Driver/Src/stm32g4xx_hal_dma.o
                0x080017e0                HAL_DMA_Abort_IT
 .text.HAL_DMA_IRQHandler
                0x080018ae      0x15e ./Drivers/STM32G4xx_HAL_Driver/Src/stm32g4xx_hal_dma.o
                0x080018ae                HAL_DMA_IRQHandler
 .text.DMA_SetConfig
                0x08001a0c       0x7c ./Drivers/STM32G4xx_HAL_Driver/Src/stm32g4xx_hal_dma.o
 .text.DMA_CalcDMAMUXChannelBaseAndMask
                0x08001a88       0x7c ./Drivers/STM32G4xx_HAL_Driver/Src/stm32g4xx_hal_dma.o
 .text.DMA_CalcDMAMUXRequestGenBaseAndMask
                0x08001b04       0x48 ./Drivers/STM32G4xx_HAL_Driver/Src/stm32g4xx_hal_dma.o
 .text.HAL_GPIO_Init
                0x08001b4c      0x304 ./Drivers/STM32G4xx_HAL_Driver/Src/stm32g4xx_hal_gpio.o
                0x08001b4c                HAL_GPIO_Init
 .text.HAL_GPIO_WritePin
                0x08001e50       0x30 ./Drivers/STM32G4xx_HAL_Driver/Src/stm32g4xx_hal_gpio.o
                0x08001e50                HAL_GPIO_WritePin
 .text.HAL_GPIO_EXTI_IRQHandler
                0x08001e80       0x30 ./Drivers/STM32G4xx_HAL_Driver/Src/stm32g4xx_hal_gpio.o
                0x08001e80                HAL_GPIO_EXTI_IRQHandler
 .text.HAL_GPIO_EXTI_Callback
                0x08001eb0       0x16 ./Drivers/STM32G4xx_HAL_Driver/Src/stm32g4xx_hal_gpio.o
                0x08001eb0                HAL_GPIO_EXTI_Callback
 *fill*         0x08001ec6        0x2 
 .text.HAL_PWREx_ControlVoltageScaling
                0x08001ec8      0x148 ./Drivers/STM32G4xx_HAL_Driver/Src/stm32g4xx_hal_pwr_ex.o
                0x08001ec8                HAL_PWREx_ControlVoltageScaling
 .text.HAL_PWREx_DisableUCPDDeadBattery
                0x08002010       0x20 ./Drivers/STM32G4xx_HAL_Driver/Src/stm32g4xx_hal_pwr_ex.o
                0x08002010                HAL_PWREx_DisableUCPDDeadBattery
 .text.HAL_RCC_OscConfig
                0x08002030      0x624 ./Drivers/STM32G4xx_HAL_Driver/Src/stm32g4xx_hal_rcc.o
                0x08002030                HAL_RCC_OscConfig
 .text.HAL_RCC_ClockConfig
                0x08002654      0x278 ./Drivers/STM32G4xx_HAL_Driver/Src/stm32g4xx_hal_rcc.o
                0x08002654                HAL_RCC_ClockConfig
 .text.HAL_RCC_GetSysClockFreq
                0x080028cc       0xc4 ./Drivers/STM32G4xx_HAL_Driver/Src/stm32g4xx_hal_rcc.o
                0x080028cc                HAL_RCC_GetSysClockFreq
 .text.HAL_RCC_GetHCLKFreq
                0x08002990       0x18 ./Drivers/STM32G4xx_HAL_Driver/Src/stm32g4xx_hal_rcc.o
                0x08002990                HAL_RCC_GetHCLKFreq
 .text.HAL_RCC_GetPCLK1Freq
                0x080029a8       0x2c ./Drivers/STM32G4xx_HAL_Driver/Src/stm32g4xx_hal_rcc.o
                0x080029a8                HAL_RCC_GetPCLK1Freq
 .text.HAL_RCC_GetPCLK2Freq
                0x080029d4       0x2c ./Drivers/STM32G4xx_HAL_Driver/Src/stm32g4xx_hal_rcc.o
                0x080029d4                HAL_RCC_GetPCLK2Freq
 .text.RCC_GetSysClockFreqFromPLLSource
                0x08002a00       0x8c ./Drivers/STM32G4xx_HAL_Driver/Src/stm32g4xx_hal_rcc.o
 .text.HAL_RCCEx_PeriphCLKConfig
                0x08002a8c      0x49c ./Drivers/STM32G4xx_HAL_Driver/Src/stm32g4xx_hal_rcc_ex.o
                0x08002a8c                HAL_RCCEx_PeriphCLKConfig
 .text.HAL_TIM_Base_Init
                0x08002f28       0xc8 ./Drivers/STM32G4xx_HAL_Driver/Src/stm32g4xx_hal_tim.o
                0x08002f28                HAL_TIM_Base_Init
 .text.HAL_TIM_Base_Start_IT
                0x08002ff0       0xf0 ./Drivers/STM32G4xx_HAL_Driver/Src/stm32g4xx_hal_tim.o
                0x08002ff0                HAL_TIM_Base_Start_IT
 .text.HAL_TIM_OnePulse_Init
                0x080030e0       0xbc ./Drivers/STM32G4xx_HAL_Driver/Src/stm32g4xx_hal_tim.o
                0x080030e0                HAL_TIM_OnePulse_Init
 .text.HAL_TIM_OnePulse_MspInit
                0x0800319c       0x14 ./Drivers/STM32G4xx_HAL_Driver/Src/stm32g4xx_hal_tim.o
                0x0800319c                HAL_TIM_OnePulse_MspInit
 .text.HAL_TIM_OnePulse_Start_IT
                0x080031b0      0x11c ./Drivers/STM32G4xx_HAL_Driver/Src/stm32g4xx_hal_tim.o
                0x080031b0                HAL_TIM_OnePulse_Start_IT
 .text.HAL_TIM_IRQHandler
                0x080032cc      0x2f2 ./Drivers/STM32G4xx_HAL_Driver/Src/stm32g4xx_hal_tim.o
                0x080032cc                HAL_TIM_IRQHandler
 .text.HAL_TIM_PeriodElapsedCallback
                0x080035be       0x14 ./Drivers/STM32G4xx_HAL_Driver/Src/stm32g4xx_hal_tim.o
                0x080035be                HAL_TIM_PeriodElapsedCallback
 .text.HAL_TIM_PeriodElapsedHalfCpltCallback
                0x080035d2       0x14 ./Drivers/STM32G4xx_HAL_Driver/Src/stm32g4xx_hal_tim.o
                0x080035d2                HAL_TIM_PeriodElapsedHalfCpltCallback
 .text.HAL_TIM_OC_DelayElapsedCallback
                0x080035e6       0x14 ./Drivers/STM32G4xx_HAL_Driver/Src/stm32g4xx_hal_tim.o
                0x080035e6                HAL_TIM_OC_DelayElapsedCallback
 .text.HAL_TIM_IC_CaptureCallback
                0x080035fa       0x14 ./Drivers/STM32G4xx_HAL_Driver/Src/stm32g4xx_hal_tim.o
                0x080035fa                HAL_TIM_IC_CaptureCallback
 .text.HAL_TIM_IC_CaptureHalfCpltCallback
                0x0800360e       0x14 ./Drivers/STM32G4xx_HAL_Driver/Src/stm32g4xx_hal_tim.o
                0x0800360e                HAL_TIM_IC_CaptureHalfCpltCallback
 .text.HAL_TIM_PWM_PulseFinishedCallback
                0x08003622       0x14 ./Drivers/STM32G4xx_HAL_Driver/Src/stm32g4xx_hal_tim.o
                0x08003622                HAL_TIM_PWM_PulseFinishedCallback
 .text.HAL_TIM_PWM_PulseFinishedHalfCpltCallback
                0x08003636       0x14 ./Drivers/STM32G4xx_HAL_Driver/Src/stm32g4xx_hal_tim.o
                0x08003636                HAL_TIM_PWM_PulseFinishedHalfCpltCallback
 .text.HAL_TIM_TriggerCallback
                0x0800364a       0x14 ./Drivers/STM32G4xx_HAL_Driver/Src/stm32g4xx_hal_tim.o
                0x0800364a                HAL_TIM_TriggerCallback
 .text.HAL_TIM_TriggerHalfCpltCallback
                0x0800365e       0x14 ./Drivers/STM32G4xx_HAL_Driver/Src/stm32g4xx_hal_tim.o
                0x0800365e                HAL_TIM_TriggerHalfCpltCallback
 .text.HAL_TIM_ErrorCallback
                0x08003672       0x14 ./Drivers/STM32G4xx_HAL_Driver/Src/stm32g4xx_hal_tim.o
                0x08003672                HAL_TIM_ErrorCallback
 *fill*         0x08003686        0x2 
 .text.HAL_TIM_RegisterCallback
                0x08003688      0x2c0 ./Drivers/STM32G4xx_HAL_Driver/Src/stm32g4xx_hal_tim.o
                0x08003688                HAL_TIM_RegisterCallback
 .text.TIM_Base_SetConfig
                0x08003948      0x168 ./Drivers/STM32G4xx_HAL_Driver/Src/stm32g4xx_hal_tim.o
                0x08003948                TIM_Base_SetConfig
 .text.TIM_CCxChannelCmd
                0x08003ab0       0x4a ./Drivers/STM32G4xx_HAL_Driver/Src/stm32g4xx_hal_tim.o
                0x08003ab0                TIM_CCxChannelCmd
 *fill*         0x08003afa        0x2 
 .text.TIM_ResetCallback
                0x08003afc       0xec ./Drivers/STM32G4xx_HAL_Driver/Src/stm32g4xx_hal_tim.o
                0x08003afc                TIM_ResetCallback
 .text.HAL_TIMEx_CommutCallback
                0x08003be8       0x14 ./Drivers/STM32G4xx_HAL_Driver/Src/stm32g4xx_hal_tim_ex.o
                0x08003be8                HAL_TIMEx_CommutCallback
 .text.HAL_TIMEx_CommutHalfCpltCallback
                0x08003bfc       0x14 ./Drivers/STM32G4xx_HAL_Driver/Src/stm32g4xx_hal_tim_ex.o
                0x08003bfc                HAL_TIMEx_CommutHalfCpltCallback
 .text.HAL_TIMEx_BreakCallback
                0x08003c10       0x14 ./Drivers/STM32G4xx_HAL_Driver/Src/stm32g4xx_hal_tim_ex.o
                0x08003c10                HAL_TIMEx_BreakCallback
 .text.HAL_TIMEx_Break2Callback
                0x08003c24       0x14 ./Drivers/STM32G4xx_HAL_Driver/Src/stm32g4xx_hal_tim_ex.o
                0x08003c24                HAL_TIMEx_Break2Callback
 .text.HAL_TIMEx_EncoderIndexCallback
                0x08003c38       0x14 ./Drivers/STM32G4xx_HAL_Driver/Src/stm32g4xx_hal_tim_ex.o
                0x08003c38                HAL_TIMEx_EncoderIndexCallback
 .text.HAL_TIMEx_DirectionChangeCallback
                0x08003c4c       0x14 ./Drivers/STM32G4xx_HAL_Driver/Src/stm32g4xx_hal_tim_ex.o
                0x08003c4c                HAL_TIMEx_DirectionChangeCallback
 .text.HAL_TIMEx_IndexErrorCallback
                0x08003c60       0x14 ./Drivers/STM32G4xx_HAL_Driver/Src/stm32g4xx_hal_tim_ex.o
                0x08003c60                HAL_TIMEx_IndexErrorCallback
 .text.HAL_TIMEx_TransitionErrorCallback
                0x08003c74       0x14 ./Drivers/STM32G4xx_HAL_Driver/Src/stm32g4xx_hal_tim_ex.o
                0x08003c74                HAL_TIMEx_TransitionErrorCallback
 .text.HAL_UART_Init
                0x08003c88       0xc0 ./Drivers/STM32G4xx_HAL_Driver/Src/stm32g4xx_hal_uart.o
                0x08003c88                HAL_UART_Init
 .text.HAL_UART_RegisterCallback
                0x08003d48      0x174 ./Drivers/STM32G4xx_HAL_Driver/Src/stm32g4xx_hal_uart.o
                0x08003d48                HAL_UART_RegisterCallback
 .text.HAL_UART_Transmit_DMA
                0x08003ebc      0x100 ./Drivers/STM32G4xx_HAL_Driver/Src/stm32g4xx_hal_uart.o
                0x08003ebc                HAL_UART_Transmit_DMA
 .text.HAL_UART_Receive_DMA
                0x08003fbc       0x98 ./Drivers/STM32G4xx_HAL_Driver/Src/stm32g4xx_hal_uart.o
                0x08003fbc                HAL_UART_Receive_DMA
 .text.HAL_UART_IRQHandler
                0x08004054      0x668 ./Drivers/STM32G4xx_HAL_Driver/Src/stm32g4xx_hal_uart.o
                0x08004054                HAL_UART_IRQHandler
 .text.HAL_UART_TxCpltCallback
                0x080046bc       0x14 ./Drivers/STM32G4xx_HAL_Driver/Src/stm32g4xx_hal_uart.o
                0x080046bc                HAL_UART_TxCpltCallback
 .text.HAL_UART_TxHalfCpltCallback
                0x080046d0       0x14 ./Drivers/STM32G4xx_HAL_Driver/Src/stm32g4xx_hal_uart.o
                0x080046d0                HAL_UART_TxHalfCpltCallback
 .text.HAL_UART_RxCpltCallback
                0x080046e4       0x14 ./Drivers/STM32G4xx_HAL_Driver/Src/stm32g4xx_hal_uart.o
                0x080046e4                HAL_UART_RxCpltCallback
 .text.HAL_UART_RxHalfCpltCallback
                0x080046f8       0x14 ./Drivers/STM32G4xx_HAL_Driver/Src/stm32g4xx_hal_uart.o
                0x080046f8                HAL_UART_RxHalfCpltCallback
 .text.HAL_UART_ErrorCallback
                0x0800470c       0x14 ./Drivers/STM32G4xx_HAL_Driver/Src/stm32g4xx_hal_uart.o
                0x0800470c                HAL_UART_ErrorCallback
 .text.HAL_UART_AbortCpltCallback
                0x08004720       0x14 ./Drivers/STM32G4xx_HAL_Driver/Src/stm32g4xx_hal_uart.o
                0x08004720                HAL_UART_AbortCpltCallback
 .text.HAL_UART_AbortTransmitCpltCallback
                0x08004734       0x14 ./Drivers/STM32G4xx_HAL_Driver/Src/stm32g4xx_hal_uart.o
                0x08004734                HAL_UART_AbortTransmitCpltCallback
 .text.HAL_UART_AbortReceiveCpltCallback
                0x08004748       0x14 ./Drivers/STM32G4xx_HAL_Driver/Src/stm32g4xx_hal_uart.o
                0x08004748                HAL_UART_AbortReceiveCpltCallback
 .text.HAL_UARTEx_RxEventCallback
                0x0800475c       0x18 ./Drivers/STM32G4xx_HAL_Driver/Src/stm32g4xx_hal_uart.o
                0x0800475c                HAL_UARTEx_RxEventCallback
 .text.HAL_UART_ReceiverTimeout_Config
                0x08004774       0x38 ./Drivers/STM32G4xx_HAL_Driver/Src/stm32g4xx_hal_uart.o
                0x08004774                HAL_UART_ReceiverTimeout_Config
 .text.HAL_UART_EnableReceiverTimeout
                0x080047ac       0x74 ./Drivers/STM32G4xx_HAL_Driver/Src/stm32g4xx_hal_uart.o
                0x080047ac                HAL_UART_EnableReceiverTimeout
 .text.HAL_UART_GetError
                0x08004820       0x1a ./Drivers/STM32G4xx_HAL_Driver/Src/stm32g4xx_hal_uart.o
                0x08004820                HAL_UART_GetError
 *fill*         0x0800483a        0x2 
 .text.UART_InitCallbacksToDefault
                0x0800483c       0xa4 ./Drivers/STM32G4xx_HAL_Driver/Src/stm32g4xx_hal_uart.o
                0x0800483c                UART_InitCallbacksToDefault
 .text.UART_SetConfig
                0x080048e0      0x5f8 ./Drivers/STM32G4xx_HAL_Driver/Src/stm32g4xx_hal_uart.o
                0x080048e0                UART_SetConfig
 .text.UART_AdvFeatureConfig
                0x08004ed8      0x144 ./Drivers/STM32G4xx_HAL_Driver/Src/stm32g4xx_hal_uart.o
                0x08004ed8                UART_AdvFeatureConfig
 .text.UART_CheckIdleState
                0x0800501c      0x154 ./Drivers/STM32G4xx_HAL_Driver/Src/stm32g4xx_hal_uart.o
                0x0800501c                UART_CheckIdleState
 .text.UART_WaitOnFlagUntilTimeout
                0x08005170       0xda ./Drivers/STM32G4xx_HAL_Driver/Src/stm32g4xx_hal_uart.o
                0x08005170                UART_WaitOnFlagUntilTimeout
 *fill*         0x0800524a        0x2 
 .text.UART_Start_Receive_DMA
                0x0800524c      0x14c ./Drivers/STM32G4xx_HAL_Driver/Src/stm32g4xx_hal_uart.o
                0x0800524c                UART_Start_Receive_DMA
 .text.UART_EndTxTransfer
                0x08005398       0x82 ./Drivers/STM32G4xx_HAL_Driver/Src/stm32g4xx_hal_uart.o
 .text.UART_EndRxTransfer
                0x0800541a       0xcc ./Drivers/STM32G4xx_HAL_Driver/Src/stm32g4xx_hal_uart.o
 .text.UART_DMATransmitCplt
                0x080054e6       0x9e ./Drivers/STM32G4xx_HAL_Driver/Src/stm32g4xx_hal_uart.o
 .text.UART_DMATxHalfCplt
                0x08005584       0x20 ./Drivers/STM32G4xx_HAL_Driver/Src/stm32g4xx_hal_uart.o
 .text.UART_DMAReceiveCplt
                0x080055a4      0x134 ./Drivers/STM32G4xx_HAL_Driver/Src/stm32g4xx_hal_uart.o
 .text.UART_DMARxHalfCplt
                0x080056d8       0x46 ./Drivers/STM32G4xx_HAL_Driver/Src/stm32g4xx_hal_uart.o
 .text.UART_DMAError
                0x0800571e       0x84 ./Drivers/STM32G4xx_HAL_Driver/Src/stm32g4xx_hal_uart.o
 .text.UART_DMAAbortOnError
                0x080057a2       0x30 ./Drivers/STM32G4xx_HAL_Driver/Src/stm32g4xx_hal_uart.o
 .text.UART_EndTransmit_IT
                0x080057d2       0x5a ./Drivers/STM32G4xx_HAL_Driver/Src/stm32g4xx_hal_uart.o
 .text.HAL_UARTEx_WakeupCallback
                0x0800582c       0x14 ./Drivers/STM32G4xx_HAL_Driver/Src/stm32g4xx_hal_uart_ex.o
                0x0800582c                HAL_UARTEx_WakeupCallback
 .text.HAL_UARTEx_RxFifoFullCallback
                0x08005840       0x14 ./Drivers/STM32G4xx_HAL_Driver/Src/stm32g4xx_hal_uart_ex.o
                0x08005840                HAL_UARTEx_RxFifoFullCallback
 .text.HAL_UARTEx_TxFifoEmptyCallback
                0x08005854       0x14 ./Drivers/STM32G4xx_HAL_Driver/Src/stm32g4xx_hal_uart_ex.o
                0x08005854                HAL_UARTEx_TxFifoEmptyCallback
 .text.HAL_UARTEx_DisableFifoMode
                0x08005868       0x72 ./Drivers/STM32G4xx_HAL_Driver/Src/stm32g4xx_hal_uart_ex.o
                0x08005868                HAL_UARTEx_DisableFifoMode
 .text.HAL_UARTEx_SetTxFifoThreshold
                0x080058da       0x7c ./Drivers/STM32G4xx_HAL_Driver/Src/stm32g4xx_hal_uart_ex.o
                0x080058da                HAL_UARTEx_SetTxFifoThreshold
 .text.HAL_UARTEx_SetRxFifoThreshold
                0x08005956       0x7c ./Drivers/STM32G4xx_HAL_Driver/Src/stm32g4xx_hal_uart_ex.o
                0x08005956                HAL_UARTEx_SetRxFifoThreshold
 *fill*         0x080059d2        0x2 
 .text.UARTEx_SetNbDataToProcess
                0x080059d4       0x9c ./Drivers/STM32G4xx_HAL_Driver/Src/stm32g4xx_hal_uart_ex.o
 .text.memset   0x08005a70       0x10 C:/ST/STM32CubeIDE_1.13.2/STM32CubeIDE/plugins/com.st.stm32cube.ide.mcu.externaltools.gnu-tools-for-stm32.12.3.rel1.win32_1.0.100.202403111256/tools/bin/../lib/gcc/arm-none-eabi/12.3.1/../../../../arm-none-eabi/lib/thumb/v7e-m+fp/hard\libc_nano.a(libc_a-memset.o)
                0x08005a70                memset
 .text.__libc_init_array
                0x08005a80       0x48 C:/ST/STM32CubeIDE_1.13.2/STM32CubeIDE/plugins/com.st.stm32cube.ide.mcu.externaltools.gnu-tools-for-stm32.12.3.rel1.win32_1.0.100.202403111256/tools/bin/../lib/gcc/arm-none-eabi/12.3.1/../../../../arm-none-eabi/lib/thumb/v7e-m+fp/hard\libc_nano.a(libc_a-init.o)
                0x08005a80                __libc_init_array
 .text.memcpy   0x08005ac8       0x1c C:/ST/STM32CubeIDE_1.13.2/STM32CubeIDE/plugins/com.st.stm32cube.ide.mcu.externaltools.gnu-tools-for-stm32.12.3.rel1.win32_1.0.100.202403111256/tools/bin/../lib/gcc/arm-none-eabi/12.3.1/../../../../arm-none-eabi/lib/thumb/v7e-m+fp/hard\libc_nano.a(libc_a-memcpy-stub.o)
                0x08005ac8                memcpy
 *(.glue_7)
 .glue_7        0x08005ae4        0x0 linker stubs
 *(.glue_7t)
 .glue_7t       0x08005ae4        0x0 linker stubs
 *(.eh_frame)
 .eh_frame      0x08005ae4        0x0 C:/ST/STM32CubeIDE_1.13.2/STM32CubeIDE/plugins/com.st.stm32cube.ide.mcu.externaltools.gnu-tools-for-stm32.12.3.rel1.win32_1.0.100.202403111256/tools/bin/../lib/gcc/arm-none-eabi/12.3.1/thumb/v7e-m+fp/hard/crtbegin.o
 *(.init)
 .init          0x08005ae4        0x4 C:/ST/STM32CubeIDE_1.13.2/STM32CubeIDE/plugins/com.st.stm32cube.ide.mcu.externaltools.gnu-tools-for-stm32.12.3.rel1.win32_1.0.100.202403111256/tools/bin/../lib/gcc/arm-none-eabi/12.3.1/thumb/v7e-m+fp/hard/crti.o
                0x08005ae4                _init
 .init          0x08005ae8        0x8 C:/ST/STM32CubeIDE_1.13.2/STM32CubeIDE/plugins/com.st.stm32cube.ide.mcu.externaltools.gnu-tools-for-stm32.12.3.rel1.win32_1.0.100.202403111256/tools/bin/../lib/gcc/arm-none-eabi/12.3.1/thumb/v7e-m+fp/hard/crtn.o
 *(.fini)
 .fini          0x08005af0        0x4 C:/ST/STM32CubeIDE_1.13.2/STM32CubeIDE/plugins/com.st.stm32cube.ide.mcu.externaltools.gnu-tools-for-stm32.12.3.rel1.win32_1.0.100.202403111256/tools/bin/../lib/gcc/arm-none-eabi/12.3.1/thumb/v7e-m+fp/hard/crti.o
                0x08005af0                _fini
 .fini          0x08005af4        0x8 C:/ST/STM32CubeIDE_1.13.2/STM32CubeIDE/plugins/com.st.stm32cube.ide.mcu.externaltools.gnu-tools-for-stm32.12.3.rel1.win32_1.0.100.202403111256/tools/bin/../lib/gcc/arm-none-eabi/12.3.1/thumb/v7e-m+fp/hard/crtn.o
                0x08005afc                        . = ALIGN (0x4)
                0x08005afc                        _etext = .

.vfp11_veneer   0x08005afc        0x0
 .vfp11_veneer  0x08005afc        0x0 linker stubs

.v4_bx          0x08005afc        0x0
 .v4_bx         0x08005afc        0x0 linker stubs

.iplt           0x08005afc        0x0
 .iplt          0x08005afc        0x0 C:/ST/STM32CubeIDE_1.13.2/STM32CubeIDE/plugins/com.st.stm32cube.ide.mcu.externaltools.gnu-tools-for-stm32.12.3.rel1.win32_1.0.100.202403111256/tools/bin/../lib/gcc/arm-none-eabi/12.3.1/thumb/v7e-m+fp/hard/crtbegin.o

.rodata         0x08005afc       0x40
                0x08005afc                        . = ALIGN (0x4)
 *(.rodata)
 *(.rodata*)
 .rodata.AHBPrescTable
                0x08005afc       0x10 ./Core/Src/system_stm32g4xx.o
                0x08005afc                AHBPrescTable
 .rodata.APBPrescTable
                0x08005b0c        0x8 ./Core/Src/system_stm32g4xx.o
                0x08005b0c                APBPrescTable
 .rodata.UARTPrescTable
                0x08005b14       0x18 ./Drivers/STM32G4xx_HAL_Driver/Src/stm32g4xx_hal_uart.o
                0x08005b14                UARTPrescTable
 .rodata.numerator.1
                0x08005b2c        0x8 ./Drivers/STM32G4xx_HAL_Driver/Src/stm32g4xx_hal_uart_ex.o
 .rodata.denominator.0
                0x08005b34        0x8 ./Drivers/STM32G4xx_HAL_Driver/Src/stm32g4xx_hal_uart_ex.o
                0x08005b3c                        . = ALIGN (0x4)

.ARM.extab      0x08005b3c        0x0
                0x08005b3c                        . = ALIGN (0x4)
 *(.ARM.extab* .gnu.linkonce.armextab.*)
                0x08005b3c                        . = ALIGN (0x4)

.ARM            0x08005b3c        0x8
                0x08005b3c                        . = ALIGN (0x4)
                0x08005b3c                        __exidx_start = .
 *(.ARM.exidx*)
 .ARM.exidx     0x08005b3c        0x8 C:/ST/STM32CubeIDE_1.13.2/STM32CubeIDE/plugins/com.st.stm32cube.ide.mcu.externaltools.gnu-tools-for-stm32.12.3.rel1.win32_1.0.100.202403111256/tools/bin/../lib/gcc/arm-none-eabi/12.3.1/thumb/v7e-m+fp/hard\libgcc.a(_udivmoddi4.o)
                0x08005b44                        __exidx_end = .
                0x08005b44                        . = ALIGN (0x4)

.rel.dyn        0x08005b44        0x0
 .rel.iplt      0x08005b44        0x0 C:/ST/STM32CubeIDE_1.13.2/STM32CubeIDE/plugins/com.st.stm32cube.ide.mcu.externaltools.gnu-tools-for-stm32.12.3.rel1.win32_1.0.100.202403111256/tools/bin/../lib/gcc/arm-none-eabi/12.3.1/thumb/v7e-m+fp/hard/crtbegin.o

.preinit_array  0x08005b44        0x0
                0x08005b44                        . = ALIGN (0x4)
                0x08005b44                        PROVIDE (__preinit_array_start = .)
 *(.preinit_array*)
                0x08005b44                        PROVIDE (__preinit_array_end = .)
                0x08005b44                        . = ALIGN (0x4)

.init_array     0x08005b44        0x4
                0x08005b44                        . = ALIGN (0x4)
                0x08005b44                        PROVIDE (__init_array_start = .)
 *(SORT_BY_NAME(.init_array.*))
 *(.init_array*)
 .init_array    0x08005b44        0x4 C:/ST/STM32CubeIDE_1.13.2/STM32CubeIDE/plugins/com.st.stm32cube.ide.mcu.externaltools.gnu-tools-for-stm32.12.3.rel1.win32_1.0.100.202403111256/tools/bin/../lib/gcc/arm-none-eabi/12.3.1/thumb/v7e-m+fp/hard/crtbegin.o
                0x08005b48                        PROVIDE (__init_array_end = .)
                0x08005b48                        . = ALIGN (0x4)

.fini_array     0x08005b48        0x4
                0x08005b48                        . = ALIGN (0x4)
                [!provide]                        PROVIDE (__fini_array_start = .)
 *(SORT_BY_NAME(.fini_array.*))
 *(.fini_array*)
 .fini_array    0x08005b48        0x4 C:/ST/STM32CubeIDE_1.13.2/STM32CubeIDE/plugins/com.st.stm32cube.ide.mcu.externaltools.gnu-tools-for-stm32.12.3.rel1.win32_1.0.100.202403111256/tools/bin/../lib/gcc/arm-none-eabi/12.3.1/thumb/v7e-m+fp/hard/crtbegin.o
                [!provide]                        PROVIDE (__fini_array_end = .)
                0x08005b4c                        . = ALIGN (0x4)
                0x08005b4c                        _sidata = LOADADDR (.data)

.data           0x20000000      0x20c load address 0x08005b4c
                0x20000000                        . = ALIGN (0x4)
                0x20000000                        _sdata = .
 *(.data)
 *(.data*)
 .data.auchCRCLo
                0x20000000      0x100 ./Core/Src/ModBusRTU.o
 .data.auchCRCHi
                0x20000100      0x100 ./Core/Src/ModBusRTU.o
 .data.SystemCoreClock
                0x20000200        0x4 ./Core/Src/system_stm32g4xx.o
                0x20000200                SystemCoreClock
 .data.uwTickPrio
                0x20000204        0x4 ./Drivers/STM32G4xx_HAL_Driver/Src/stm32g4xx_hal.o
                0x20000204                uwTickPrio
 .data.uwTickFreq
                0x20000208        0x4 ./Drivers/STM32G4xx_HAL_Driver/Src/stm32g4xx_hal.o
                0x20000208                uwTickFreq
 *(.RamFunc)
 *(.RamFunc*)
                0x2000020c                        . = ALIGN (0x4)
                0x2000020c                        _edata = .

.igot.plt       0x2000020c        0x0 load address 0x08005d58
 .igot.plt      0x2000020c        0x0 C:/ST/STM32CubeIDE_1.13.2/STM32CubeIDE/plugins/com.st.stm32cube.ide.mcu.externaltools.gnu-tools-for-stm32.12.3.rel1.win32_1.0.100.202403111256/tools/bin/../lib/gcc/arm-none-eabi/12.3.1/thumb/v7e-m+fp/hard/crtbegin.o
                0x2000020c                        . = ALIGN (0x4)

.bss            0x2000020c      0x8e4 load address 0x08005d58
                0x2000020c                        _sbss = .
                0x2000020c                        __bss_start__ = _sbss
 *(.bss)
 .bss           0x2000020c       0x1c C:/ST/STM32CubeIDE_1.13.2/STM32CubeIDE/plugins/com.st.stm32cube.ide.mcu.externaltools.gnu-tools-for-stm32.12.3.rel1.win32_1.0.100.202403111256/tools/bin/../lib/gcc/arm-none-eabi/12.3.1/thumb/v7e-m+fp/hard/crtbegin.o
 *(.bss*)
 .bss.hModbus   0x20000228        0x4 ./Core/Src/ModBusRTU.o
                0x20000228                hModbus
 .bss.htim16    0x2000022c       0xcc ./Core/Src/main.o
                0x2000022c                htim16
 .bss.huart2    0x200002f8       0xcc ./Core/Src/main.o
                0x200002f8                huart2
 .bss.hdma_usart2_tx
                0x200003c4       0x60 ./Core/Src/main.o
                0x200003c4                hdma_usart2_tx
 .bss.hdma_usart2_rx
                0x20000424       0x60 ./Core/Src/main.o
                0x20000424                hdma_usart2_rx
 .bss.hmodbus   0x20000484      0x4d8 ./Core/Src/main.o
                0x20000484                hmodbus
 .bss.registerFrame
                0x2000095c      0x190 ./Core/Src/main.o
                0x2000095c                registerFrame
 .bss.uwTick    0x20000aec        0x4 ./Drivers/STM32G4xx_HAL_Driver/Src/stm32g4xx_hal.o
                0x20000aec                uwTick
 *(COMMON)
                0x20000af0                        . = ALIGN (0x4)
                0x20000af0                        _ebss = .
                0x20000af0                        __bss_end__ = _ebss

._user_heap_stack
                0x20000af0      0x600 load address 0x08005d58
                0x20000af0                        . = ALIGN (0x8)
                [!provide]                        PROVIDE (end = .)
                0x20000af0                        PROVIDE (_end = .)
                0x20000cf0                        . = (. + _Min_Heap_Size)
 *fill*         0x20000af0      0x200 
                0x200010f0                        . = (. + _Min_Stack_Size)
 *fill*         0x20000cf0      0x400 
                0x200010f0                        . = ALIGN (0x8)

/DISCARD/
 libc.a(*)
 libm.a(*)
 libgcc.a(*)

.ARM.attributes
                0x00000000       0x30
 *(.ARM.attributes)
 .ARM.attributes
                0x00000000       0x22 C:/ST/STM32CubeIDE_1.13.2/STM32CubeIDE/plugins/com.st.stm32cube.ide.mcu.externaltools.gnu-tools-for-stm32.12.3.rel1.win32_1.0.100.202403111256/tools/bin/../lib/gcc/arm-none-eabi/12.3.1/thumb/v7e-m+fp/hard/crti.o
 .ARM.attributes
                0x00000022       0x34 C:/ST/STM32CubeIDE_1.13.2/STM32CubeIDE/plugins/com.st.stm32cube.ide.mcu.externaltools.gnu-tools-for-stm32.12.3.rel1.win32_1.0.100.202403111256/tools/bin/../lib/gcc/arm-none-eabi/12.3.1/thumb/v7e-m+fp/hard/crtbegin.o
 .ARM.attributes
                0x00000056       0x34 ./Core/Src/ModBusRTU.o
 .ARM.attributes
                0x0000008a       0x34 ./Core/Src/main.o
 .ARM.attributes
                0x000000be       0x34 ./Core/Src/stm32g4xx_hal_msp.o
 .ARM.attributes
                0x000000f2       0x34 ./Core/Src/stm32g4xx_it.o
 .ARM.attributes
                0x00000126       0x34 ./Core/Src/system_stm32g4xx.o
 .ARM.attributes
                0x0000015a       0x21 ./Core/Startup/startup_stm32g474retx.o
 .ARM.attributes
                0x0000017b       0x34 ./Drivers/STM32G4xx_HAL_Driver/Src/stm32g4xx_hal.o
 .ARM.attributes
                0x000001af       0x34 ./Drivers/STM32G4xx_HAL_Driver/Src/stm32g4xx_hal_cortex.o
 .ARM.attributes
                0x000001e3       0x34 ./Drivers/STM32G4xx_HAL_Driver/Src/stm32g4xx_hal_dma.o
 .ARM.attributes
                0x00000217       0x34 ./Drivers/STM32G4xx_HAL_Driver/Src/stm32g4xx_hal_gpio.o
 .ARM.attributes
                0x0000024b       0x34 ./Drivers/STM32G4xx_HAL_Driver/Src/stm32g4xx_hal_pwr_ex.o
 .ARM.attributes
                0x0000027f       0x34 ./Drivers/STM32G4xx_HAL_Driver/Src/stm32g4xx_hal_rcc.o
 .ARM.attributes
                0x000002b3       0x34 ./Drivers/STM32G4xx_HAL_Driver/Src/stm32g4xx_hal_rcc_ex.o
 .ARM.attributes
                0x000002e7       0x34 ./Drivers/STM32G4xx_HAL_Driver/Src/stm32g4xx_hal_tim.o
 .ARM.attributes
                0x0000031b       0x34 ./Drivers/STM32G4xx_HAL_Driver/Src/stm32g4xx_hal_tim_ex.o
 .ARM.attributes
                0x0000034f       0x34 ./Drivers/STM32G4xx_HAL_Driver/Src/stm32g4xx_hal_uart.o
 .ARM.attributes
                0x00000383       0x34 ./Drivers/STM32G4xx_HAL_Driver/Src/stm32g4xx_hal_uart_ex.o
 .ARM.attributes
                0x000003b7       0x34 C:/ST/STM32CubeIDE_1.13.2/STM32CubeIDE/plugins/com.st.stm32cube.ide.mcu.externaltools.gnu-tools-for-stm32.12.3.rel1.win32_1.0.100.202403111256/tools/bin/../lib/gcc/arm-none-eabi/12.3.1/../../../../arm-none-eabi/lib/thumb/v7e-m+fp/hard\libc_nano.a(libc_a-memset.o)
 .ARM.attributes
                0x000003eb       0x34 C:/ST/STM32CubeIDE_1.13.2/STM32CubeIDE/plugins/com.st.stm32cube.ide.mcu.externaltools.gnu-tools-for-stm32.12.3.rel1.win32_1.0.100.202403111256/tools/bin/../lib/gcc/arm-none-eabi/12.3.1/../../../../arm-none-eabi/lib/thumb/v7e-m+fp/hard\libc_nano.a(libc_a-init.o)
 .ARM.attributes
                0x0000041f       0x34 C:/ST/STM32CubeIDE_1.13.2/STM32CubeIDE/plugins/com.st.stm32cube.ide.mcu.externaltools.gnu-tools-for-stm32.12.3.rel1.win32_1.0.100.202403111256/tools/bin/../lib/gcc/arm-none-eabi/12.3.1/../../../../arm-none-eabi/lib/thumb/v7e-m+fp/hard\libc_nano.a(libc_a-memcpy-stub.o)
 .ARM.attributes
                0x00000453       0x22 C:/ST/STM32CubeIDE_1.13.2/STM32CubeIDE/plugins/com.st.stm32cube.ide.mcu.externaltools.gnu-tools-for-stm32.12.3.rel1.win32_1.0.100.202403111256/tools/bin/../lib/gcc/arm-none-eabi/12.3.1/thumb/v7e-m+fp/hard\libgcc.a(_aeabi_uldivmod.o)
 .ARM.attributes
                0x00000475       0x34 C:/ST/STM32CubeIDE_1.13.2/STM32CubeIDE/plugins/com.st.stm32cube.ide.mcu.externaltools.gnu-tools-for-stm32.12.3.rel1.win32_1.0.100.202403111256/tools/bin/../lib/gcc/arm-none-eabi/12.3.1/thumb/v7e-m+fp/hard\libgcc.a(_udivmoddi4.o)
 .ARM.attributes
                0x000004a9       0x22 C:/ST/STM32CubeIDE_1.13.2/STM32CubeIDE/plugins/com.st.stm32cube.ide.mcu.externaltools.gnu-tools-for-stm32.12.3.rel1.win32_1.0.100.202403111256/tools/bin/../lib/gcc/arm-none-eabi/12.3.1/thumb/v7e-m+fp/hard\libgcc.a(_dvmd_tls.o)
 .ARM.attributes
                0x000004cb       0x22 C:/ST/STM32CubeIDE_1.13.2/STM32CubeIDE/plugins/com.st.stm32cube.ide.mcu.externaltools.gnu-tools-for-stm32.12.3.rel1.win32_1.0.100.202403111256/tools/bin/../lib/gcc/arm-none-eabi/12.3.1/thumb/v7e-m+fp/hard/crtn.o
OUTPUT(MODBUS2024ALT.elf elf32-littlearm)
LOAD linker stubs
LOAD C:/ST/STM32CubeIDE_1.13.2/STM32CubeIDE/plugins/com.st.stm32cube.ide.mcu.externaltools.gnu-tools-for-stm32.12.3.rel1.win32_1.0.100.202403111256/tools/bin/../lib/gcc/arm-none-eabi/12.3.1/../../../../arm-none-eabi/lib/thumb/v7e-m+fp/hard\libc.a
LOAD C:/ST/STM32CubeIDE_1.13.2/STM32CubeIDE/plugins/com.st.stm32cube.ide.mcu.externaltools.gnu-tools-for-stm32.12.3.rel1.win32_1.0.100.202403111256/tools/bin/../lib/gcc/arm-none-eabi/12.3.1/../../../../arm-none-eabi/lib/thumb/v7e-m+fp/hard\libm.a
LOAD C:/ST/STM32CubeIDE_1.13.2/STM32CubeIDE/plugins/com.st.stm32cube.ide.mcu.externaltools.gnu-tools-for-stm32.12.3.rel1.win32_1.0.100.202403111256/tools/bin/../lib/gcc/arm-none-eabi/12.3.1/thumb/v7e-m+fp/hard\libgcc.a

.debug_info     0x00000000    0x15305
 .debug_info    0x00000000     0x1598 ./Core/Src/ModBusRTU.o
 .debug_info    0x00001598     0x1b2d ./Core/Src/main.o
 .debug_info    0x000030c5     0x178f ./Core/Src/stm32g4xx_hal_msp.o
 .debug_info    0x00004854      0xf79 ./Core/Src/stm32g4xx_it.o
 .debug_info    0x000057cd      0x58e ./Core/Src/system_stm32g4xx.o
 .debug_info    0x00005d5b       0x30 ./Core/Startup/startup_stm32g474retx.o
 .debug_info    0x00005d8b      0xb95 ./Drivers/STM32G4xx_HAL_Driver/Src/stm32g4xx_hal.o
 .debug_info    0x00006920      0xdad ./Drivers/STM32G4xx_HAL_Driver/Src/stm32g4xx_hal_cortex.o
 .debug_info    0x000076cd      0x85f ./Drivers/STM32G4xx_HAL_Driver/Src/stm32g4xx_hal_dma.o
 .debug_info    0x00007f2c      0x763 ./Drivers/STM32G4xx_HAL_Driver/Src/stm32g4xx_hal_gpio.o
 .debug_info    0x0000868f      0x93f ./Drivers/STM32G4xx_HAL_Driver/Src/stm32g4xx_hal_pwr_ex.o
 .debug_info    0x00008fce      0xbe0 ./Drivers/STM32G4xx_HAL_Driver/Src/stm32g4xx_hal_rcc.o
 .debug_info    0x00009bae      0xc45 ./Drivers/STM32G4xx_HAL_Driver/Src/stm32g4xx_hal_rcc_ex.o
 .debug_info    0x0000a7f3     0x301a ./Drivers/STM32G4xx_HAL_Driver/Src/stm32g4xx_hal_tim.o
 .debug_info    0x0000d80d     0x1f5e ./Drivers/STM32G4xx_HAL_Driver/Src/stm32g4xx_hal_tim_ex.o
 .debug_info    0x0000f76b     0x4ad2 ./Drivers/STM32G4xx_HAL_Driver/Src/stm32g4xx_hal_uart.o
 .debug_info    0x0001423d     0x10c8 ./Drivers/STM32G4xx_HAL_Driver/Src/stm32g4xx_hal_uart_ex.o

.debug_abbrev   0x00000000     0x2869
 .debug_abbrev  0x00000000      0x365 ./Core/Src/ModBusRTU.o
 .debug_abbrev  0x00000365      0x37a ./Core/Src/main.o
 .debug_abbrev  0x000006df      0x259 ./Core/Src/stm32g4xx_hal_msp.o
 .debug_abbrev  0x00000938      0x1f5 ./Core/Src/stm32g4xx_it.o
 .debug_abbrev  0x00000b2d      0x11a ./Core/Src/system_stm32g4xx.o
 .debug_abbrev  0x00000c47       0x24 ./Core/Startup/startup_stm32g474retx.o
 .debug_abbrev  0x00000c6b      0x271 ./Drivers/STM32G4xx_HAL_Driver/Src/stm32g4xx_hal.o
 .debug_abbrev  0x00000edc      0x31c ./Drivers/STM32G4xx_HAL_Driver/Src/stm32g4xx_hal_cortex.o
 .debug_abbrev  0x000011f8      0x1e2 ./Drivers/STM32G4xx_HAL_Driver/Src/stm32g4xx_hal_dma.o
 .debug_abbrev  0x000013da      0x1cb ./Drivers/STM32G4xx_HAL_Driver/Src/stm32g4xx_hal_gpio.o
 .debug_abbrev  0x000015a5      0x22c ./Drivers/STM32G4xx_HAL_Driver/Src/stm32g4xx_hal_pwr_ex.o
 .debug_abbrev  0x000017d1      0x2c9 ./Drivers/STM32G4xx_HAL_Driver/Src/stm32g4xx_hal_rcc.o
 .debug_abbrev  0x00001a9a      0x258 ./Drivers/STM32G4xx_HAL_Driver/Src/stm32g4xx_hal_rcc_ex.o
 .debug_abbrev  0x00001cf2      0x2b8 ./Drivers/STM32G4xx_HAL_Driver/Src/stm32g4xx_hal_tim.o
 .debug_abbrev  0x00001faa      0x2d6 ./Drivers/STM32G4xx_HAL_Driver/Src/stm32g4xx_hal_tim_ex.o
 .debug_abbrev  0x00002280      0x317 ./Drivers/STM32G4xx_HAL_Driver/Src/stm32g4xx_hal_uart.o
 .debug_abbrev  0x00002597      0x2d2 ./Drivers/STM32G4xx_HAL_Driver/Src/stm32g4xx_hal_uart_ex.o

.debug_aranges  0x00000000     0x10f8
 .debug_aranges
                0x00000000       0x70 ./Core/Src/ModBusRTU.o
 .debug_aranges
                0x00000070       0x50 ./Core/Src/main.o
 .debug_aranges
                0x000000c0       0x40 ./Core/Src/stm32g4xx_hal_msp.o
 .debug_aranges
                0x00000100       0x88 ./Core/Src/stm32g4xx_it.o
 .debug_aranges
                0x00000188       0x28 ./Core/Src/system_stm32g4xx.o
 .debug_aranges
                0x000001b0       0x28 ./Core/Startup/startup_stm32g474retx.o
 .debug_aranges
                0x000001d8      0x148 ./Drivers/STM32G4xx_HAL_Driver/Src/stm32g4xx_hal.o
 .debug_aranges
                0x00000320      0x118 ./Drivers/STM32G4xx_HAL_Driver/Src/stm32g4xx_hal_cortex.o
 .debug_aranges
                0x00000438       0x90 ./Drivers/STM32G4xx_HAL_Driver/Src/stm32g4xx_hal_dma.o
 .debug_aranges
                0x000004c8       0x58 ./Drivers/STM32G4xx_HAL_Driver/Src/stm32g4xx_hal_gpio.o
 .debug_aranges
                0x00000520      0x140 ./Drivers/STM32G4xx_HAL_Driver/Src/stm32g4xx_hal_pwr_ex.o
 .debug_aranges
                0x00000660       0x98 ./Drivers/STM32G4xx_HAL_Driver/Src/stm32g4xx_hal_rcc.o
 .debug_aranges
                0x000006f8       0xb0 ./Drivers/STM32G4xx_HAL_Driver/Src/stm32g4xx_hal_rcc_ex.o
 .debug_aranges
                0x000007a8      0x3f8 ./Drivers/STM32G4xx_HAL_Driver/Src/stm32g4xx_hal_tim.o
 .debug_aranges
                0x00000ba0      0x240 ./Drivers/STM32G4xx_HAL_Driver/Src/stm32g4xx_hal_tim_ex.o
 .debug_aranges
                0x00000de0      0x270 ./Drivers/STM32G4xx_HAL_Driver/Src/stm32g4xx_hal_uart.o
 .debug_aranges
                0x00001050       0xa8 ./Drivers/STM32G4xx_HAL_Driver/Src/stm32g4xx_hal_uart_ex.o

.debug_rnglists
                0x00000000      0xd4d
 .debug_rnglists
                0x00000000       0x54 ./Core/Src/ModBusRTU.o
 .debug_rnglists
                0x00000054       0x3a ./Core/Src/main.o
 .debug_rnglists
                0x0000008e       0x2c ./Core/Src/stm32g4xx_hal_msp.o
 .debug_rnglists
                0x000000ba       0x61 ./Core/Src/stm32g4xx_it.o
 .debug_rnglists
                0x0000011b       0x1a ./Core/Src/system_stm32g4xx.o
 .debug_rnglists
                0x00000135       0x19 ./Core/Startup/startup_stm32g474retx.o
 .debug_rnglists
                0x0000014e       0xf1 ./Drivers/STM32G4xx_HAL_Driver/Src/stm32g4xx_hal.o
 .debug_rnglists
                0x0000023f       0xce ./Drivers/STM32G4xx_HAL_Driver/Src/stm32g4xx_hal_cortex.o
 .debug_rnglists
                0x0000030d       0x71 ./Drivers/STM32G4xx_HAL_Driver/Src/stm32g4xx_hal_dma.o
 .debug_rnglists
                0x0000037e       0x3f ./Drivers/STM32G4xx_HAL_Driver/Src/stm32g4xx_hal_gpio.o
 .debug_rnglists
                0x000003bd       0xf1 ./Drivers/STM32G4xx_HAL_Driver/Src/stm32g4xx_hal_pwr_ex.o
 .debug_rnglists
                0x000004ae       0x74 ./Drivers/STM32G4xx_HAL_Driver/Src/stm32g4xx_hal_rcc.o
 .debug_rnglists
                0x00000522       0x87 ./Drivers/STM32G4xx_HAL_Driver/Src/stm32g4xx_hal_rcc_ex.o
 .debug_rnglists
                0x000005a9      0x33d ./Drivers/STM32G4xx_HAL_Driver/Src/stm32g4xx_hal_tim.o
 .debug_rnglists
                0x000008e6      0x1cc ./Drivers/STM32G4xx_HAL_Driver/Src/stm32g4xx_hal_tim_ex.o
 .debug_rnglists
                0x00000ab2      0x21c ./Drivers/STM32G4xx_HAL_Driver/Src/stm32g4xx_hal_uart.o
 .debug_rnglists
                0x00000cce       0x7f ./Drivers/STM32G4xx_HAL_Driver/Src/stm32g4xx_hal_uart_ex.o

.debug_macro    0x00000000    0x263d1
 .debug_macro   0x00000000      0x2b2 ./Core/Src/ModBusRTU.o
 .debug_macro   0x000002b2      0xab4 ./Core/Src/ModBusRTU.o
 .debug_macro   0x00000d66      0x15b ./Core/Src/ModBusRTU.o
 .debug_macro   0x00000ec1       0x2e ./Core/Src/ModBusRTU.o
 .debug_macro   0x00000eef       0x28 ./Core/Src/ModBusRTU.o
 .debug_macro   0x00000f17       0x22 ./Core/Src/ModBusRTU.o
 .debug_macro   0x00000f39       0x8e ./Core/Src/ModBusRTU.o
 .debug_macro   0x00000fc7       0x51 ./Core/Src/ModBusRTU.o
 .debug_macro   0x00001018      0x103 ./Core/Src/ModBusRTU.o
 .debug_macro   0x0000111b       0x6a ./Core/Src/ModBusRTU.o
 .debug_macro   0x00001185      0x1df ./Core/Src/ModBusRTU.o
 .debug_macro   0x00001364       0x1c ./Core/Src/ModBusRTU.o
 .debug_macro   0x00001380       0x22 ./Core/Src/ModBusRTU.o
 .debug_macro   0x000013a2       0xfb ./Core/Src/ModBusRTU.o
 .debug_macro   0x0000149d     0x1011 ./Core/Src/ModBusRTU.o
 .debug_macro   0x000024ae      0x11f ./Core/Src/ModBusRTU.o
 .debug_macro   0x000025cd    0x18b45 ./Core/Src/ModBusRTU.o
 .debug_macro   0x0001b112       0x6d ./Core/Src/ModBusRTU.o
 .debug_macro   0x0001b17f     0x354d ./Core/Src/ModBusRTU.o
 .debug_macro   0x0001e6cc      0x189 ./Core/Src/ModBusRTU.o
 .debug_macro   0x0001e855       0x5c ./Core/Src/ModBusRTU.o
 .debug_macro   0x0001e8b1     0x171f ./Core/Src/ModBusRTU.o
 .debug_macro   0x0001ffd0      0x600 ./Core/Src/ModBusRTU.o
 .debug_macro   0x000205d0      0x1b6 ./Core/Src/ModBusRTU.o
 .debug_macro   0x00020786      0x34a ./Core/Src/ModBusRTU.o
 .debug_macro   0x00020ad0      0x53c ./Core/Src/ModBusRTU.o
 .debug_macro   0x0002100c      0x18b ./Core/Src/ModBusRTU.o
 .debug_macro   0x00021197       0x43 ./Core/Src/ModBusRTU.o
 .debug_macro   0x000211da      0x23d ./Core/Src/ModBusRTU.o
 .debug_macro   0x00021417      0x211 ./Core/Src/ModBusRTU.o
 .debug_macro   0x00021628      0x45c ./Core/Src/ModBusRTU.o
 .debug_macro   0x00021a84      0x11c ./Core/Src/ModBusRTU.o
 .debug_macro   0x00021ba0      0x122 ./Core/Src/ModBusRTU.o
 .debug_macro   0x00021cc2      0x3d1 ./Core/Src/ModBusRTU.o
 .debug_macro   0x00022093      0xc0b ./Core/Src/ModBusRTU.o
 .debug_macro   0x00022c9e      0x718 ./Core/Src/ModBusRTU.o
 .debug_macro   0x000233b6      0x69a ./Core/Src/ModBusRTU.o
 .debug_macro   0x00023a50       0xa6 ./Core/Src/ModBusRTU.o
 .debug_macro   0x00023af6      0x358 ./Core/Src/ModBusRTU.o
 .debug_macro   0x00023e4e       0x61 ./Core/Src/ModBusRTU.o
 .debug_macro   0x00023eaf       0x2a ./Core/Src/ModBusRTU.o
 .debug_macro   0x00023ed9       0x43 ./Core/Src/ModBusRTU.o
 .debug_macro   0x00023f1c       0x34 ./Core/Src/ModBusRTU.o
 .debug_macro   0x00023f50       0x16 ./Core/Src/ModBusRTU.o
 .debug_macro   0x00023f66       0x43 ./Core/Src/ModBusRTU.o
 .debug_macro   0x00023fa9       0x34 ./Core/Src/ModBusRTU.o
 .debug_macro   0x00023fdd       0x10 ./Core/Src/ModBusRTU.o
 .debug_macro   0x00023fed       0x58 ./Core/Src/ModBusRTU.o
 .debug_macro   0x00024045       0x8e ./Core/Src/ModBusRTU.o
 .debug_macro   0x000240d3       0x1c ./Core/Src/ModBusRTU.o
 .debug_macro   0x000240ef      0x177 ./Core/Src/ModBusRTU.o
 .debug_macro   0x00024266      0x369 ./Core/Src/ModBusRTU.o
 .debug_macro   0x000245cf       0x10 ./Core/Src/ModBusRTU.o
 .debug_macro   0x000245df       0x35 ./Core/Src/ModBusRTU.o
 .debug_macro   0x00024614       0x20 ./Core/Src/ModBusRTU.o
 .debug_macro   0x00024634      0x2bb ./Core/Src/main.o
 .debug_macro   0x000248ef       0x46 ./Core/Src/main.o
 .debug_macro   0x00024935      0x1dd ./Core/Src/stm32g4xx_hal_msp.o
 .debug_macro   0x00024b12      0x1e7 ./Core/Src/stm32g4xx_it.o
 .debug_macro   0x00024cf9      0x1ce ./Core/Src/system_stm32g4xx.o
 .debug_macro   0x00024ec7      0x21c ./Drivers/STM32G4xx_HAL_Driver/Src/stm32g4xx_hal.o
 .debug_macro   0x000250e3      0x1ce ./Drivers/STM32G4xx_HAL_Driver/Src/stm32g4xx_hal_cortex.o
 .debug_macro   0x000252b1      0x1ce ./Drivers/STM32G4xx_HAL_Driver/Src/stm32g4xx_hal_dma.o
 .debug_macro   0x0002547f      0x1d5 ./Drivers/STM32G4xx_HAL_Driver/Src/stm32g4xx_hal_gpio.o
 .debug_macro   0x00025654      0x1f8 ./Drivers/STM32G4xx_HAL_Driver/Src/stm32g4xx_hal_pwr_ex.o
 .debug_macro   0x0002584c      0x210 ./Drivers/STM32G4xx_HAL_Driver/Src/stm32g4xx_hal_rcc.o
 .debug_macro   0x00025a5c      0x1f8 ./Drivers/STM32G4xx_HAL_Driver/Src/stm32g4xx_hal_rcc_ex.o
 .debug_macro   0x00025c54      0x1d6 ./Drivers/STM32G4xx_HAL_Driver/Src/stm32g4xx_hal_tim.o
 .debug_macro   0x00025e2a      0x1d4 ./Drivers/STM32G4xx_HAL_Driver/Src/stm32g4xx_hal_tim_ex.o
 .debug_macro   0x00025ffe      0x1f9 ./Drivers/STM32G4xx_HAL_Driver/Src/stm32g4xx_hal_uart.o
 .debug_macro   0x000261f7      0x1da ./Drivers/STM32G4xx_HAL_Driver/Src/stm32g4xx_hal_uart_ex.o

.debug_line     0x00000000    0x144f9
 .debug_line    0x00000000      0xd58 ./Core/Src/ModBusRTU.o
 .debug_line    0x00000d58      0xa4f ./Core/Src/main.o
 .debug_line    0x000017a7      0x853 ./Core/Src/stm32g4xx_hal_msp.o
 .debug_line    0x00001ffa      0x8a4 ./Core/Src/stm32g4xx_it.o
 .debug_line    0x0000289e      0x7d6 ./Core/Src/system_stm32g4xx.o
 .debug_line    0x00003074       0x7b ./Core/Startup/startup_stm32g474retx.o
 .debug_line    0x000030ef      0xb92 ./Drivers/STM32G4xx_HAL_Driver/Src/stm32g4xx_hal.o
 .debug_line    0x00003c81      0xcfb ./Drivers/STM32G4xx_HAL_Driver/Src/stm32g4xx_hal_cortex.o
 .debug_line    0x0000497c      0xebc ./Drivers/STM32G4xx_HAL_Driver/Src/stm32g4xx_hal_dma.o
 .debug_line    0x00005838      0xbab ./Drivers/STM32G4xx_HAL_Driver/Src/stm32g4xx_hal_gpio.o
 .debug_line    0x000063e3      0xd01 ./Drivers/STM32G4xx_HAL_Driver/Src/stm32g4xx_hal_pwr_ex.o
 .debug_line    0x000070e4      0xf5d ./Drivers/STM32G4xx_HAL_Driver/Src/stm32g4xx_hal_rcc.o
 .debug_line    0x00008041     0x126d ./Drivers/STM32G4xx_HAL_Driver/Src/stm32g4xx_hal_rcc_ex.o
 .debug_line    0x000092ae     0x4433 ./Drivers/STM32G4xx_HAL_Driver/Src/stm32g4xx_hal_tim.o
 .debug_line    0x0000d6e1     0x21b6 ./Drivers/STM32G4xx_HAL_Driver/Src/stm32g4xx_hal_tim_ex.o
 .debug_line    0x0000f897     0x3e9d ./Drivers/STM32G4xx_HAL_Driver/Src/stm32g4xx_hal_uart.o
 .debug_line    0x00013734      0xdc5 ./Drivers/STM32G4xx_HAL_Driver/Src/stm32g4xx_hal_uart_ex.o

.debug_str      0x00000000    0xfc0a8
 .debug_str     0x00000000    0xf6fd4 ./Core/Src/ModBusRTU.o
                              0xf762d (size before relaxing)
 .debug_str     0x000f6fd4      0xbec ./Core/Src/main.o
                              0xf7917 (size before relaxing)
 .debug_str     0x000f7bc0      0x2c6 ./Core/Src/stm32g4xx_hal_msp.o
                              0xf441c (size before relaxing)
 .debug_str     0x000f7e86      0x18e ./Core/Src/stm32g4xx_it.o
                              0xf3a87 (size before relaxing)
 .debug_str     0x000f8014       0xdb ./Core/Src/system_stm32g4xx.o
                              0xf2d95 (size before relaxing)
 .debug_str     0x000f80ef       0x44 ./Core/Startup/startup_stm32g474retx.o
                                 0x89 (size before relaxing)
 .debug_str     0x000f8133      0x5ed ./Drivers/STM32G4xx_HAL_Driver/Src/stm32g4xx_hal.o
                              0xf3aa7 (size before relaxing)
 .debug_str     0x000f8720      0x31d ./Drivers/STM32G4xx_HAL_Driver/Src/stm32g4xx_hal_cortex.o
                              0xf372b (size before relaxing)
 .debug_str     0x000f8a3d      0x29f ./Drivers/STM32G4xx_HAL_Driver/Src/stm32g4xx_hal_dma.o
                              0xf316f (size before relaxing)
 .debug_str     0x000f8cdc      0x10a ./Drivers/STM32G4xx_HAL_Driver/Src/stm32g4xx_hal_gpio.o
                              0xf2f20 (size before relaxing)
 .debug_str     0x000f8de6      0x4a5 ./Drivers/STM32G4xx_HAL_Driver/Src/stm32g4xx_hal_pwr_ex.o
                              0xf3283 (size before relaxing)
 .debug_str     0x000f928b      0x506 ./Drivers/STM32G4xx_HAL_Driver/Src/stm32g4xx_hal_rcc.o
                              0xf34b4 (size before relaxing)
 .debug_str     0x000f9791      0x40b ./Drivers/STM32G4xx_HAL_Driver/Src/stm32g4xx_hal_rcc_ex.o
                              0xf34de (size before relaxing)
 .debug_str     0x000f9b9c      0xfa6 ./Drivers/STM32G4xx_HAL_Driver/Src/stm32g4xx_hal_tim.o
                              0xf49f6 (size before relaxing)
 .debug_str     0x000fab42      0x938 ./Drivers/STM32G4xx_HAL_Driver/Src/stm32g4xx_hal_tim_ex.o
                              0xf41ca (size before relaxing)
 .debug_str     0x000fb47a      0x9ca ./Drivers/STM32G4xx_HAL_Driver/Src/stm32g4xx_hal_uart.o
                              0xf40c2 (size before relaxing)
 .debug_str     0x000fbe44      0x264 ./Drivers/STM32G4xx_HAL_Driver/Src/stm32g4xx_hal_uart_ex.o
                              0xf3669 (size before relaxing)

.comment        0x00000000       0x43
 .comment       0x00000000       0x43 ./Core/Src/ModBusRTU.o
                                 0x44 (size before relaxing)
 .comment       0x00000043       0x44 ./Core/Src/main.o
 .comment       0x00000043       0x44 ./Core/Src/stm32g4xx_hal_msp.o
 .comment       0x00000043       0x44 ./Core/Src/stm32g4xx_it.o
 .comment       0x00000043       0x44 ./Core/Src/system_stm32g4xx.o
 .comment       0x00000043       0x44 ./Drivers/STM32G4xx_HAL_Driver/Src/stm32g4xx_hal.o
 .comment       0x00000043       0x44 ./Drivers/STM32G4xx_HAL_Driver/Src/stm32g4xx_hal_cortex.o
 .comment       0x00000043       0x44 ./Drivers/STM32G4xx_HAL_Driver/Src/stm32g4xx_hal_dma.o
 .comment       0x00000043       0x44 ./Drivers/STM32G4xx_HAL_Driver/Src/stm32g4xx_hal_gpio.o
 .comment       0x00000043       0x44 ./Drivers/STM32G4xx_HAL_Driver/Src/stm32g4xx_hal_pwr_ex.o
 .comment       0x00000043       0x44 ./Drivers/STM32G4xx_HAL_Driver/Src/stm32g4xx_hal_rcc.o
 .comment       0x00000043       0x44 ./Drivers/STM32G4xx_HAL_Driver/Src/stm32g4xx_hal_rcc_ex.o
 .comment       0x00000043       0x44 ./Drivers/STM32G4xx_HAL_Driver/Src/stm32g4xx_hal_tim.o
 .comment       0x00000043       0x44 ./Drivers/STM32G4xx_HAL_Driver/Src/stm32g4xx_hal_tim_ex.o
 .comment       0x00000043       0x44 ./Drivers/STM32G4xx_HAL_Driver/Src/stm32g4xx_hal_uart.o
 .comment       0x00000043       0x44 ./Drivers/STM32G4xx_HAL_Driver/Src/stm32g4xx_hal_uart_ex.o

.debug_frame    0x00000000     0x4844
 .debug_frame   0x00000000      0x1a0 ./Core/Src/ModBusRTU.o
 .debug_frame   0x000001a0       0xe8 ./Core/Src/main.o
 .debug_frame   0x00000288       0xc8 ./Core/Src/stm32g4xx_hal_msp.o
 .debug_frame   0x00000350      0x190 ./Core/Src/stm32g4xx_it.o
 .debug_frame   0x000004e0       0x58 ./Core/Src/system_stm32g4xx.o
 .debug_frame   0x00000538      0x500 ./Drivers/STM32G4xx_HAL_Driver/Src/stm32g4xx_hal.o
 .debug_frame   0x00000a38      0x498 ./Drivers/STM32G4xx_HAL_Driver/Src/stm32g4xx_hal_cortex.o
 .debug_frame   0x00000ed0      0x24c ./Drivers/STM32G4xx_HAL_Driver/Src/stm32g4xx_hal_dma.o
 .debug_frame   0x0000111c      0x14c ./Drivers/STM32G4xx_HAL_Driver/Src/stm32g4xx_hal_gpio.o
 .debug_frame   0x00001268      0x4fc ./Drivers/STM32G4xx_HAL_Driver/Src/stm32g4xx_hal_pwr_ex.o
 .debug_frame   0x00001764      0x23c ./Drivers/STM32G4xx_HAL_Driver/Src/stm32g4xx_hal_rcc.o
 .debug_frame   0x000019a0      0x2ac ./Drivers/STM32G4xx_HAL_Driver/Src/stm32g4xx_hal_rcc_ex.o
 .debug_frame   0x00001c4c     0x1298 ./Drivers/STM32G4xx_HAL_Driver/Src/stm32g4xx_hal_tim.o
 .debug_frame   0x00002ee4      0xa70 ./Drivers/STM32G4xx_HAL_Driver/Src/stm32g4xx_hal_tim_ex.o
 .debug_frame   0x00003954      0xb5c ./Drivers/STM32G4xx_HAL_Driver/Src/stm32g4xx_hal_uart.o
 .debug_frame   0x000044b0      0x2c0 ./Drivers/STM32G4xx_HAL_Driver/Src/stm32g4xx_hal_uart_ex.o
 .debug_frame   0x00004770       0x20 C:/ST/STM32CubeIDE_1.13.2/STM32CubeIDE/plugins/com.st.stm32cube.ide.mcu.externaltools.gnu-tools-for-stm32.12.3.rel1.win32_1.0.100.202403111256/tools/bin/../lib/gcc/arm-none-eabi/12.3.1/../../../../arm-none-eabi/lib/thumb/v7e-m+fp/hard\libc_nano.a(libc_a-memset.o)
 .debug_frame   0x00004790       0x2c C:/ST/STM32CubeIDE_1.13.2/STM32CubeIDE/plugins/com.st.stm32cube.ide.mcu.externaltools.gnu-tools-for-stm32.12.3.rel1.win32_1.0.100.202403111256/tools/bin/../lib/gcc/arm-none-eabi/12.3.1/../../../../arm-none-eabi/lib/thumb/v7e-m+fp/hard\libc_nano.a(libc_a-init.o)
 .debug_frame   0x000047bc       0x28 C:/ST/STM32CubeIDE_1.13.2/STM32CubeIDE/plugins/com.st.stm32cube.ide.mcu.externaltools.gnu-tools-for-stm32.12.3.rel1.win32_1.0.100.202403111256/tools/bin/../lib/gcc/arm-none-eabi/12.3.1/../../../../arm-none-eabi/lib/thumb/v7e-m+fp/hard\libc_nano.a(libc_a-memcpy-stub.o)
 .debug_frame   0x000047e4       0x2c C:/ST/STM32CubeIDE_1.13.2/STM32CubeIDE/plugins/com.st.stm32cube.ide.mcu.externaltools.gnu-tools-for-stm32.12.3.rel1.win32_1.0.100.202403111256/tools/bin/../lib/gcc/arm-none-eabi/12.3.1/thumb/v7e-m+fp/hard\libgcc.a(_aeabi_uldivmod.o)
 .debug_frame   0x00004810       0x34 C:/ST/STM32CubeIDE_1.13.2/STM32CubeIDE/plugins/com.st.stm32cube.ide.mcu.externaltools.gnu-tools-for-stm32.12.3.rel1.win32_1.0.100.202403111256/tools/bin/../lib/gcc/arm-none-eabi/12.3.1/thumb/v7e-m+fp/hard\libgcc.a(_udivmoddi4.o)

.debug_line_str
                0x00000000       0x6d
 .debug_line_str
                0x00000000       0x6d ./Core/Startup/startup_stm32g474retx.o
