../Core/Src/main.c:79:5:main	8	static
../Core/Src/main.c:134:6:SystemClock_Config	88	static
../Core/Src/main.c:181:13:MX_SPI3_Init	8	static
../Core/Src/main.c:221:13:MX_TIM16_Init	8	static
../Core/Src/main.c:257:13:MX_USART2_UART_Init	8	static
../Core/Src/main.c:305:13:MX_GPIO_Init	48	static
../Core/Src/main.c:353:6:SPITxRx_Setup	8	static
../Core/Src/main.c:362:6:SPITxRx_readIO	8	static
../Core/Src/main.c:375:6:HAL_SPI_TxRxCpltCallback	16	static
../Core/Src/main.c:385:6:Error_Handler	4	static,ignoring_inline_asm
